 cvlAd

 Timestamp is 3d9fae13 (Sat Oct 05 22:29:23 2002)

 Preferred load address is 00400000

 Start         Length     Name                   Class
 0001:00000000 000d9268H .text                   CODE
 0001:000d9270 000007c3H .text$x                 CODE
 0002:00000000 0000187cH .rdata                  DATA
 0002:00001880 00000998H .xdata$x                DATA
 0002:00002218 00000000H .edata                  DATA
 0003:00000000 00000004H .CRT$XCA                DATA
 0003:00000004 00000004H .CRT$XCU                DATA
 0003:00000008 00000004H .CRT$XCZ                DATA
 0003:0000000c 00000004H .CRT$XIA                DATA
 0003:00000010 00000004H .CRT$XIZ                DATA
 0003:00000020 0001ac84H .data                   DATA
 0003:0001acb0 00002f9cH .bss                    DATA
 0004:00000000 00000078H .idata$2                DATA
 0004:00000078 00000014H .idata$3                DATA
 0004:0000008c 0000068cH .idata$4                DATA
 0004:00000718 0000068cH .idata$5                DATA
 0004:00000da4 00001a06H .idata$6                DATA
 0005:00000000 000003b0H _DATA1                  DATA
 0006:00000000 00000054H DATA                    DATA

  Address         Publics by Value              Rva+Base     Lib:Object

 0001:00000000       ?Cmp@@YA_NUCvPoint@@0@Z    00401000 f   aApproxPoly.obj
 0001:0000001b       ?GetContour@@YA_NHPAPAUCvSeq@@PAHPAUCvMemStorage@@PAUAtsRandState@@@Z 0040101b f   aApproxPoly.obj
 0001:0000027e       ?CheckSlice@@YAHUCvPoint@@0PAUCvSeqReader@@MPAHH@Z 0040127e f   aApproxPoly.obj
 0001:000004ce       ?Check@@YAHPAUCvSeq@@0M@Z  004014ce f   aApproxPoly.obj
 0001:00000779       ?InitAApproxPoly@@YAXXZ    00401779 f   aApproxPoly.obj
 0001:000009e0       ?cvRound@@YAHN@Z           004019e0 f i aApproxPoly.obj
 0001:00000a10       ?GetVald@@YANNN@Z          00401a10 f   aContourCollection.obj
 0001:00000bb0       ?GetVali@@YAHNN@Z          00401bb0 f   aContourCollection.obj
 0001:00000d2d       ?CreateContour@@YA_NPAPAUCvSeq@@HPAPAUCvMemStorage@@@Z 00401d2d f   aContourCollection.obj
 0001:00000d72       ?Line@@YAXUCvPoint@@0PAUCvSeq@@H@Z 00401d72 f   aContourCollection.obj
 0001:00000f41       ?PolyLine@@YAPAUCvSeq@@PAUCvMemStorage@@@Z 00401f41 f   aContourCollection.obj
 0001:00001089       ?arccos@@YAPAUCvSeq@@PAUCvMemStorage@@@Z 00402089 f   aContourCollection.obj
 0001:0000129c       ?arctan@@YAPAUCvSeq@@PAUCvMemStorage@@@Z 0040229c f   aContourCollection.obj
 0001:000014c7       ?ch@@YAPAUCvSeq@@PAUCvMemStorage@@@Z 004024c7 f   aContourCollection.obj
 0001:00001627       ?Exp@@YAPAUCvSeq@@PAUCvMemStorage@@@Z 00402627 f   aContourCollection.obj
 0001:00001829       ?Floor@@YAPAUCvSeq@@PAUCvMemStorage@@@Z 00402829 f   aContourCollection.obj
 0001:00001a41       ?Log@@YAPAUCvSeq@@PAUCvMemStorage@@@Z 00402a41 f   aContourCollection.obj
 0001:00001c52       ?Pow@@YAPAUCvSeq@@PAUCvMemStorage@@@Z 00402c52 f   aContourCollection.obj
 0001:00001e84       ?Sin@@YAPAUCvSeq@@PAUCvMemStorage@@@Z 00402e84 f   aContourCollection.obj
 0001:00002079       ?Pol@@YANNPANH@Z           00403079 f   aContourCollection.obj
 0001:0000211e       ?Polimon@@YAPAUCvSeq@@PAUCvMemStorage@@@Z 0040311e f   aContourCollection.obj
 0001:000023d4       ?Ellips@@YAPAUCvSeq@@PAUCvMemStorage@@@Z 004033d4 f   aContourCollection.obj
 0001:00002566       ?FoliumOfDescartes@@YAPAUCvSeq@@PAUCvMemStorage@@@Z 00403566 f   aContourCollection.obj
 0001:00002836       ?Epicycloid@@YAPAUCvSeq@@PAUCvMemStorage@@@Z 00403836 f   aContourCollection.obj
 0001:00002bff       ?Hypocycloid@@YAPAUCvSeq@@PAUCvMemStorage@@@Z 00403bff f   aContourCollection.obj
 0001:00002fc8       ?___@@YAPAUCvSeq@@PAUCvMemStorage@@@Z 00403fc8 f   aContourCollection.obj
 0001:00003120       ?InitAContourMoments@@YAXXZ 00404120 f   aContourMoments.obj
 0001:00003f10       ?cvSlice@@YA?AUCvSlice@@HH@Z 00404f10 f i aContourMoments.obj
 0001:00003f40       ?read_contour_params@@YAXXZ 00404f40 f   aContours.obj
 0001:0000400b       ?get_slice_length@@YAHPAUCvSeq@@UCvSlice@@@Z 0040500b f   aContours.obj
 0001:00004082       ?calc_contour_perimeter@@YANPAUCvPoint@@H@Z 00405082 f   aContours.obj
 0001:00004136       ?InitAContours@@YAXXZ      00405136 f   aContours.obj
 0001:00005500       ?cvSize@@YA?AUCvSize@@HH@Z 00406500 f i aContours.obj
 0001:00005530       ?InitAMatchContours@@YAXXZ 00406530 f   aContoursMatch.obj
 0001:00005d50       ?InitACreateContourTree@@YAXXZ 00406d50 f   aCreateContourTree.obj
 0001:000065d0       ?InitAMatchContourTrees@@YAXXZ 004075d0 f   aMatchContourTrees.obj
 0001:00006f70       ?InitAPyramids@@YAXXZ      00407f70 f   aPyramids.obj
 0001:000087a0       ?InitAPyrSegmentation@@YAXXZ 004097a0 f   aPyrSegmentation.obj
 0001:00009280       ?read_image_gap_size@@YAHXZ 0040a280 f   aDistanceTransform.obj
 0001:000092bc       ?read_gen_type@@YAHXZ      0040a2bc f   aDistanceTransform.obj
 0001:000092f8       ?test_dt@@YAHPAX@Z         0040a2f8 f   aDistanceTransform.obj
 0001:000098da       ?InitADistanceTransform@@YAXXZ 0040a8da f   aDistanceTransform.obj
 0001:00009950       ?cvFloor@@YAHN@Z           0040a950 f i aDistanceTransform.obj
 0001:000099a0       ?InitAAdaptThreshold@@YAXXZ 0040a9a0 f   aAdaptThresh.obj
 0001:0000a350       ?InitAThreshold@@YAXXZ     0040b350 f   aThresh.obj
 0001:0000b1b0       ?InitACamShift@@YAXXZ      0040c1b0 f   aCamShift.obj
 0001:0000b9a0       ?InitAMeanShift@@YAXXZ     0040c9a0 f   aMeanShift.obj
 0001:0000c130       ?InitAPixelAccess@@YAXXZ   0040d130 f   aPixelAccess.obj
 0001:00011f40       ?InitACalcContrastHist@@YAXXZ 00412f40 f   aCalcContrastHist.obj
 0001:000129e0       ?InitAEMD@@YAXXZ           004139e0 f   aEMD.obj
 0001:00012bb0       ?InitAHistograms@@YAXXZ    00413bb0 f   aHistograms.obj
 0001:00019860       ?_cvFloodFill8uC1R_slow@@YA?AW4CvStatus@@PAEHUCvSize@@UCvPoint@@HHH@Z 0041a860 f   aFloodFill.obj
 0001:00019c93       ?_cvFloodFill32fC1R_slow@@YA?AW4CvStatus@@PAMHUCvSize@@UCvPoint@@MMM@Z 0041ac93 f   aFloodFill.obj
 0001:0001a06a       ?InitAFloodFill@@YAXXZ     0041b06a f   aFloodFill.obj
 0001:0001ae70       ?_cvFloodFill8uC1R_slow8@@YA?AW4CvStatus@@PAEHUCvSize@@UCvPoint@@HHH@Z 0041be70 f   aFloodFill8.obj
 0001:0001b496       ?_cvFloodFill32fC1R_slow8@@YA?AW4CvStatus@@PAMHUCvSize@@UCvPoint@@MMM@Z 0041c496 f   aFloodFill8.obj
 0001:0001ba34       ?InitAFloodFill8@@YAXXZ    0041ca34 f   aFloodFill8.obj
 0001:0001c740       _atsCreateRandomContours   0041d740 f   uContours.obj
 0001:0001c820       _atsGetImageInfo           0041d820 f   uIplUtils.obj
 0001:0001c9bb       _atsFillRandomImage        0041d9bb f   uIplUtils.obj
 0001:0001cdd9       _atsFillRandomImageEx      0041ddd9 f   uIplUtils.obj
 0001:0001cfce       _atsCreateImage            0041dfce f   uIplUtils.obj
 0001:0001d042       _atsReleaseImage           0041e042 f   uIplUtils.obj
 0001:0001d08e       _atsGetDataFromImage       0041e08e f   uIplUtils.obj
 0001:0001d12e       _atsPutDataToImage         0041e12e f   uIplUtils.obj
 0001:0001d1ce       _atsConvert                0041e1ce f   uIplUtils.obj
 0001:0001d78d       _atsMinFilterEx            0041e78d f   uIplUtils.obj
 0001:0001dc09       _atsMaxFilterEx            0041ec09 f   uIplUtils.obj
 0001:0001e085       _atsReplicateBorders       0041f085 f   uIplUtils.obj
 0001:0001e34b       _atsConvolve               0041f34b f   uIplUtils.obj
 0001:0001e564       _atsCalcImageStatistics    0041f564 f   uIplUtils.obj
 0001:0001e9fa       _atsCalcMoments            0041f9fa f   uIplUtils.obj
 0001:0001f850       _atsDrawLine               00420850 f   uIplUtils.obj
 0001:0001faa8       _atsDrawEllipse            00420aa8 f   uIplUtils.obj
 0001:0001fdff       _atsDrawConic              00420dff f   uIplUtils.obj
 0001:000200bf       _atsCalcQuadricCoeffs      004210bf f   uIplUtils.obj
 0001:000206ac       _atsCrossCorr              004216ac f   uIplUtils.obj
 0001:00020951       _atsClearBorder            00421951 f   uIplUtils.obj
 0001:00020a4f       _atsGenerateBlobImage      00421a4f f   uIplUtils.obj
 0001:00020bd0       _atsGetMoments             00421bd0 f   uIplUtils.obj
 0001:00020e55       ?_atsCalcKer@@YAXPADHHH@Z  00421e55 f   uIplUtils.obj
 0001:00021149       _atsCalcKernel             00422149 f   uIplUtils.obj
 0001:00021294       _atsCalcDervConvKernel     00422294 f   uIplUtils.obj
 0001:000213d6       _icvAlloc_                 004223d6 f   uIplUtils.obj
 0001:0002142e       _icvFree_                  0042242e f   uIplUtils.obj
 0001:000214ac       _atsFindFirstErr           004224ac f   uIplUtils.obj
 0001:00021878       _atsScaleAddImage          00422878 f   uIplUtils.obj
 0001:00021a19       _atsScaleAddAbsImage       00422a19 f   uIplUtils.obj
 0001:00021bbe       _atsRandPoint              00422bbe f   uIplUtils.obj
 0001:00021c0c       _atsRandPoint2D32f         00422c0c f   uIplUtils.obj
 0001:00021c69       _atsLinearFunc             00422c69 f   uIplUtils.obj
 0001:00022b25       _atsMul                    00423b25 f   uIplUtils.obj
 0001:00023166       _atsLogic                  00424166 f   uIplUtils.obj
 0001:0002352d       _atsLogicS                 0042452d f   uIplUtils.obj
 0001:00023990       ?cvPoint@@YA?AUCvPoint@@HH@Z 00424990 f i uIplUtils.obj
 0001:000239c0       ?cvPixSize@@YAHH@Z         004249c0 f i uIplUtils.obj
 0001:000239f0       _atsCreateImageFromFile    004249f0 f   uReadFile.obj
 0001:00023d30       ?InitAMorphology@@YAXXZ    00424d30 f   aMorphology.obj
 0001:00024af0       ?InitAImageStatistics@@YAXXZ 00425af0 f   aImageStatistics.obj
 0001:00027c60       _cvMean                    00428c60 f i aImageStatistics.obj
 0001:00027cc0       _cvMean_StdDev             00428cc0 f i aImageStatistics.obj
 0001:00027d30       ?InitAMoments@@YAXXZ       00428d30 f   aMoments.obj
 0001:00028d30       ?calcTestNorm@@YANPAN0HH@Z 00429d30 f   aNorm.obj
 0001:000291dc       ?TestNorm@@YANPAU_IplImage@@0H@Z 0042a1dc f   aNorm.obj
 0001:00029a7e       ?InitANorm@@YAXXZ          0042aa7e f   aNorm.obj
 0001:0002a870       ?calcTestNormMask@@YANPAN0PAEHH@Z 0042b870 f   aNormMask.obj
 0001:0002adbf       ?TestNormMask@@YANPAU_IplImage@@00H@Z 0042bdbf f   aNormMask.obj
 0001:0002b828       ?InitANormMask@@YAXXZ      0042c828 f   aNormMask.obj
 0001:0002c980       ?test_ht@@YAHPAX@Z         0042d980 f   aHoughTransform.obj
 0001:0002cbe7       ?InitAHoughLines@@YAXXZ    0042dbe7 f   aHoughTransform.obj
 0001:0002cc90       ?atsCheckConvexHull@@YAHPAUCvPoint@@HPAHHH@Z 0042dc90 f   aconvhull.obj
 0001:0002cf10       ?atsCheckConvexHullP@@YAHPAUCvPoint@@HPAPAU1@HH@Z 0042df10 f   aconvhull.obj
 0001:0002d165       ?InitAConvexHull@@YAXXZ    0042e165 f   aconvhull.obj
 0001:0002da90       ?fmaFitEllipse@@YAHXZ      0042ea90 f   afitellipse.obj
 0001:0002de1d       ?InitAFitEllipse@@YAXXZ    0042ee1d f   afitellipse.obj
 0001:0002de60       ?test_lf@@YAHPAX@Z         0042ee60 f   aFitLines.obj
 0001:0002e127       ?InitAFitLine@@YAXXZ       0042f127 f   aFitLines.obj
 0001:0002e1d0       _atsCvtHullToContour       0042f1d0 f   aminarearect.obj
 0001:0002e338       ?atsCheckMinAreaRect@@YAHPAUCvPoint@@HUCvPoint2D32f@@11@Z 0042f338 f   aminarearect.obj
 0001:0002ea80       ?InitAMinAreaRect@@YAXXZ   0042fa80 f   aminarearect.obj
 0001:0002ed20       ?cvPoint2D32f@@YA?AUCvPoint2D32f@@NN@Z 0042fd20 f i aminarearect.obj
 0001:0002ed50       ?read_subdiv_params@@YAXXZ 0042fd50 f   aSubdivisions.obj
 0001:0002edc3       ?InitASubdiv@@YAXXZ        0042fdc3 f   aSubdivisions.obj
 0001:0002f4d0       ?cvRect@@YA?AUCvRect@@HHHH@Z 004304d0 f i aSubdivisions.obj
 0001:0002f520       ?icvCreateSubdivDelaunay2D@@YAPAUCvSubdiv2D@@UCvRect@@PAUCvMemStorage@@@Z 00430520 f i aSubdivisions.obj
 0001:0002f580       ?icvSqDist2D32f@@YANUCvPoint2D32f@@0@Z 00430580 f i aSubdivisions.obj
 0001:0002f5c0       ?_cvJacobiEigens_32f@@YA?AW4CvStatus@@PAM00HM@Z 004305c0 f   aEigenObjects.obj
 0001:0002fe34       ?_cvCalcEigenObjects_8u32fR_q@@YA?AW4CvStatus@@HPAPAEHPAPAMHUCvSize@@PAM3HPAHPAN@Z 00430e34 f   aEigenObjects.obj
 0001:000306b0       ?_cvCalcDecompCoeff_8u32fR_q@@YAMPAEHPAMH1HUCvSize@@@Z 004316b0 f   aEigenObjects.obj
 0001:000307c0       ?_cvEigenDecomposite_8u32fR_q@@YA?AW4CvStatus@@PAEHHPAPAMHPAMHUCvSize@@2@Z 004317c0 f   aEigenObjects.obj
 0001:000308af       ?_cvEigenProjection_8u32fR_q@@YA?AW4CvStatus@@HPAPAMHPAM1HPAEHUCvSize@@@Z 004318af f   aEigenObjects.obj
 0001:00030b14       ?read_callback_8u@@YA?AW4CvStatus@@HPAX0@Z 00431b14 f   aEigenObjects.obj
 0001:00030bc8       ?read_callback_32f@@YA?AW4CvStatus@@HPAX0@Z 00431bc8 f   aEigenObjects.obj
 0001:00030c8d       ?write_callback_8u@@YA?AW4CvStatus@@HPAX0@Z 00431c8d f   aEigenObjects.obj
 0001:00030d41       ?write_callback_32f@@YA?AW4CvStatus@@HPAX0@Z 00431d41 f   aEigenObjects.obj
 0001:00030e06       ?InitAEigenObjects@@YAXXZ  00431e06 f   aEigenObjects.obj
 0001:00034090       ?InitAAbsDiff@@YAXXZ       00435090 f   aAbsDiff.obj
 0001:00034d00       ?cvScalar@@YA?AUCvScalar@@NNNN@Z 00435d00 f i aAbsDiff.obj
 0001:00034d70       ?InitAAcc@@YAXXZ           00435d70 f   aAccum.obj
 0001:00035d40       ?InitAMaskAcc@@YAXXZ       00436d40 f   aMaskAccum.obj
 0001:000371b0       ?InitAConvert@@YAXXZ       004381b0 f   aConvert.obj
 0001:000391a0       ?distance@@YAMPAM0H@Z      0043a1a0 f   akmeans.obj
 0001:0003920c       ?_real_kmeans@@YAHHPAPAMHHPAHMH@Z 0043a20c f   akmeans.obj
 0001:0003972c       ?InitAKMeans@@YAXXZ        0043a72c f   akmeans.obj
 0001:00039a70       ?cvTermCriteria@@YA?AUCvTermCriteria@@HHN@Z 0043aa70 f i akmeans.obj
 0001:00039ac0       ?InitAMathUtils@@YAXXZ     0043aac0 f   aMathUtils.obj
 0001:0003c080       ?cvInvSqrt@@YAMM@Z         0043d080 f i aMathUtils.obj
 0001:0003c0f0       ?cvSqrt@@YAMM@Z            0043d0f0 f i aMathUtils.obj
 0001:0003c160       _atsCompareAngles          0043d160 f i aMathUtils.obj
 0001:0003c1f0       ?InitASamplers@@YAXXZ      0043d1f0 f   aSamplers.obj
 0001:0003dbc0       ?InitAMatchTemplate@@YAXXZ 0043ebc0 f   aTemplMatch.obj
 0001:0003ed10       ?create_simple_seq@@YAPAU_simple_seq@@HH@Z 0043fd10 f   aSequence.obj
 0001:0003ed69       ?release_simple_seq@@YAXPAPAU_simple_seq@@@Z 0043fd69 f   aSequence.obj
 0001:0003ed81       ?simple_seq_elem@@YAPADPAU_simple_seq@@H@Z 0043fd81 f   aSequence.obj
 0001:0003edd2       ?push_simple_seq_elem@@YAXPAU_simple_seq@@PAX@Z 0043fdd2 f   aSequence.obj
 0001:0003ee46       ?drop_simple_seq_elem@@YAXPAU_simple_seq@@@Z 0043fe46 f   aSequence.obj
 0001:0003ee8d       ?clear_simple_seq@@YAXPAU_simple_seq@@@Z 0043fe8d f   aSequence.obj
 0001:0003ee9c       ?remove_simple_seq_elem@@YAXPAU_simple_seq@@H@Z 0043fe9c f   aSequence.obj
 0001:0003ef3f       ?insert_simple_seq_elem@@YAXPAU_simple_seq@@HPAX@Z 0043ff3f f   aSequence.obj
 0001:0003f001       ?clear_simple_set@@YAXPAU_simple_set@@@Z 00440001 f   aSequence.obj
 0001:0003f07f       ?create_simple_set@@YAPAU_simple_set@@HH@Z 0044007f f   aSequence.obj
 0001:0003f0f9       ?release_simple_set@@YAXPAPAU_simple_set@@@Z 004400f9 f   aSequence.obj
 0001:0003f111       ?find_simple_set_elem@@YAPADPAU_simple_set@@H@Z 00440111 f   aSequence.obj
 0001:0003f19f       ?add_simple_set_elem@@YAHPAU_simple_set@@PAX@Z 0044019f f   aSequence.obj
 0001:0003f295       ?remove_simple_set_elem@@YAXPAU_simple_set@@H@Z 00440295 f   aSequence.obj
 0001:0003f350       ?clear_simple_graph@@YAXPAU_simple_graph@@@Z 00440350 f   aSequence.obj
 0001:0003f3a3       ?create_simple_graph@@YAPAU_simple_graph@@HHHH@Z 004403a3 f   aSequence.obj
 0001:0003f455       ?release_simple_graph@@YAXPAPAU_simple_graph@@@Z 00440455 f   aSequence.obj
 0001:0003f47e       ?add_simple_graph_vertex@@YAHPAU_simple_graph@@PAX@Z 0044047e f   aSequence.obj
 0001:0003f49d       ?remove_simple_graph_vertex@@YAXPAU_simple_graph@@H@Z 0044049d f   aSequence.obj
 0001:0003f538       ?add_simple_graph_edge@@YAXPAU_simple_graph@@HHPAX@Z 00440538 f   aSequence.obj
 0001:0003f66b       ?remove_simple_graph_edge@@YAXPAU_simple_graph@@HH@Z 0044066b f   aSequence.obj
 0001:0003f774       ?find_simple_graph_vertex@@YAPADPAU_simple_graph@@H@Z 00440774 f   aSequence.obj
 0001:0003f793       ?find_simple_graph_edge@@YAPADPAU_simple_graph@@HH@Z 00440793 f   aSequence.obj
 0001:0003f809       ?calc_simple_graph_vertex_degree@@YAHPAU_simple_graph@@H@Z 00440809 f   aSequence.obj
 0001:0003f91f       ?cmp@@YAHPBX0PAX@Z         0044091f f   aSequence.obj
 0001:0003fa26       ?test_sort_invert_seq@@YAHXZ 00440a26 f   aSequence.obj
 0001:0003fea3       ?InitASequence@@YAXXZ      00440ea3 f   aSequence.obj
 0001:00043f30       _atsGetTickCount           00444f30 f i aSequence.obj
 0001:00043f50       ?InitADrawing@@YAXXZ       00444f50 f   aDrawing.obj
 0001:00044ea0       ?InitADrawingRegress@@YAXXZ 00445ea0 f   adrawing_regress.obj
 0001:000467f0       ?InitAMotionTemplates@@YAXXZ 004477f0 f   aMotionTemplates.obj
 0001:00048980       ?testFill@@YAXPAMHUCvSize@@UCvPoint@@M0HMPAUCvConnectedComp@@@Z 00449980 f   aMotSeg.obj
 0001:00049100       ?InitAMotSeg@@YAXXZ        0044a100 f   aMotSeg.obj
 0001:00049ae0       ?InitACalcOpticalFlowHS@@YAXXZ 0044aae0 f   aOptFlowHS.obj
 0001:0004ab50       ?InitACalcOpticalFlowLK@@YAXXZ 0044bb50 f   aOptFlowLK.obj
 0001:0004bbc0       ?InitAOptFlowPyrLK@@YAXXZ  0044cbc0 f   aOptFlowPyrLK.obj
 0001:0004c2f0       ?InitAGestureRecognition@@YAXXZ 0044d2f0 f   aGestureRecognition.obj
 0001:0004d5e0       ?InitALaplace@@YAXXZ       0044e5e0 f   aLaplace.obj
 0001:0004ddf0       ?InitAScharr@@YAXXZ        0044edf0 f   aScharr.obj
 0001:0004e5d0       ?InitASobel@@YAXXZ         0044f5d0 f   aSobel.obj
 0001:0004ee60       ?InitAMatr@@YAXXZ          0044fe60 f   aMatrix.obj
 0001:000504d0       ?cvMat@@YA?AUCvMat@@HHHPAX@Z 004514d0 f i aMatrix.obj
 0001:00050580       ?cvmGet@@YANPBUCvMat@@HH@Z 00451580 f i aMatrix.obj
 0001:00050640       ?__fl2db@@YAXPAMPANH@Z     00451640 f   aMatrix2.obj
 0001:0005067d       ?__DotProduct@@YANPAN0H@Z  0045167d f   aMatrix2.obj
 0001:000506e3       ?__CrossProduct@@YAXPAN00@Z 004516e3 f   aMatrix2.obj
 0001:00050743       ?__Trace@@YANPANHH@Z       00451743 f   aMatrix2.obj
 0001:000507b7       ?__MulTrans@@YAXPAN0HHH@Z  004517b7 f   aMatrix2.obj
 0001:0005093e       ?__Det@@YANPANH@Z          0045193e f   aMatrix2.obj
 0001:00050c6c       ?InitAMatr2@@YAXXZ         00451c6c f   aMatrix2.obj
 0001:00053070       _cvMatArray                00454070 f i aMatrix2.obj
 0001:000530e0       _cvmPerspectiveProject     004540e0 f i aMatrix2.obj
 0001:00053150       ?InitASVD@@YAXXZ           00454150 f   asvd.obj
 0001:000537e0       ?InitACanny@@YAXXZ         004547e0 f   aCanny.obj
 0001:00053b10       ?InitACorner@@YAXXZ        00454b10 f   aCorner.obj
 0001:00054a30       ?InitAMinEVal@@YAXXZ       00455a30 f   aMinEVal.obj
 0001:000554e0       ?InitAPreCorner@@YAXXZ     004564e0 f   aPreCorner.obj
 0001:00055cb0       ?follow@@YAHHHMUCvSize@@PAEHPAM@Z 00456cb0 f   canny.obj
 0001:00055e0c       _atsCannyStatistics        00456e0c f   canny.obj
 0001:00056600       ?InitAArithmetic@@YAXXZ    00457600 f   aarithm.obj
 0001:00057c70       ?cvScalarAll@@YA?AUCvScalar@@N@Z 00458c70 f i aarithm.obj
 0001:00057d0f       ?InitAImage@@YAXXZ         00458d0f f   aimage.obj
 0001:00058920       ?InitALogic@@YAXXZ         00459920 f   alogic.obj
 0001:00059de0       ?InitAPOSIT@@YAXXZ         0045ade0 f   aposit.obj
 0001:0005a910       ?InitAConDens@@YAXXZ       0045b910 f   aCondens.obj
 0001:0005af00       ?InitAKalman@@YAXXZ        0045bf00 f   aKalman.obj
 0001:0005b570       ?InitASnakes@@YAXXZ        0045c570 f   asnakes.obj
 0001:0005bc60       ?InitACalibration@@YAXXZ   0045cc60 f   aCameraCalibration.obj
 0001:0005cc40       ?show_points@@YAXPAU_IplImage@@PAUCvPoint2D32f@@H1H@Z 0045dc40 f   aChessCorners.obj
 0001:0005cde0       ?InitAChessCorners@@YAXXZ  0045dde0 f   aChessCorners.obj
 0001:0005d860       ?UnDistortTest_C1@@YAXPAE0HUCvSize@@PAM2H@Z 0045e860 f   aUnDistort.obj
 0001:0005dda1       ?UnDistortTest_C3@@YAXPAE0HUCvSize@@PAM2H@Z 0045eda1 f   aUnDistort.obj
 0001:0005e571       ?InitAUnDistort@@YAXXZ     0045f571 f   aUnDistort.obj
 0001:00060270       ?InitAImageToHMMObs@@YAXXZ 00461270 f   aHMMObs.obj
 0001:00060af0       ?InitAArrayIterator@@YAXXZ 00461af0 f   aarrayiterator.obj
 0001:00060c00       ?foaCvArrayIterator@@YAHXZ 00461c00 f i aarrayiterator.obj
 0001:00060fc0       ??D?$CvArrayIterator@F@@QBEAAFXZ 00461fc0 f i aarrayiterator.obj
 0001:00060fe0       ?get_idx@?$CvArrayIterator@F@@QBEHXZ 00461fe0 f i aarrayiterator.obj
 0001:00061000       ??E?$CvArrayIterator@F@@QAEAAV0@XZ 00462000 f i aarrayiterator.obj
 0001:00061030       ??E?$CvArrayIterator@F@@QAE?BV0@H@Z 00462030 f i aarrayiterator.obj
 0001:00061090       ??0?$CvArrayIterator@F@@QAE@XZ 00462090 f i aarrayiterator.obj
 0001:000610c0       ??0?$CvArrayIterator@F@@QAE@PAF@Z 004620c0 f i aarrayiterator.obj
 0001:000610f0       ??0?$CvArrayIterator@F@@QAE@PAF0@Z 004620f0 f i aarrayiterator.obj
 0001:00061120       ??0?$CvArrayIterator@F@@QAE@ABV0@@Z 00462120 f i aarrayiterator.obj
 0001:00061150       ?init@?$CvArrayIterator@F@@QAEXPAF0@Z 00462150 f i aarrayiterator.obj
 0001:00061180       ??8?$CvArrayIterator@F@@QBE_NABV0@@Z 00462180 f i aarrayiterator.obj
 0001:000611d0       ??9?$CvArrayIterator@F@@QBE_NABV0@@Z 004621d0 f i aarrayiterator.obj
 0001:00061220       ?get_begin@?$CvArrayIterator@F@@QAEPAFXZ 00462220 f i aarrayiterator.obj
 0001:00061240       ?get_current@?$CvArrayIterator@F@@QAEPAFXZ 00462240 f i aarrayiterator.obj
 0001:00061260       ?InitABackProject@@YAXXZ   00462260 f   abackproject.obj
 0001:00061550       ??0?$CvArray@H@@QAE@XZ     00462550 f i abackproject.obj
 0001:00061590       ??0?$CvArray@M@@QAE@XZ     00462590 f i abackproject.obj
 0001:000615d0       ??0?$CvArray@F@@QAE@XZ     004625d0 f i abackproject.obj
 0001:00061610       ??0?$CvTree@HH@@QAE@XZ     00462610 f i abackproject.obj
 0001:00061650       ??0?$CvTree@MH@@QAE@XZ     00462650 f i abackproject.obj
 0001:00061690       ??0?$CvTree@FH@@QAE@XZ     00462690 f i abackproject.obj
 0001:000616d0       ?foaCvBackProject@@YAHV?$CvArray@H@@HHH@Z 004626d0 f i abackproject.obj
 0001:00061b60       ??1?$CvArray@H@@QAE@XZ     00462b60 f i abackproject.obj
 0001:00061bb0       ?foaCvBackProject@@YAHV?$CvArray@M@@MMH@Z 00462bb0 f i abackproject.obj
 0001:00062040       ??1?$CvArray@M@@QAE@XZ     00463040 f i abackproject.obj
 0001:00062090       ?foaCvBackProject@@YAHV?$CvArray@F@@FFH@Z 00463090 f i abackproject.obj
 0001:00062510       ??1?$CvArray@F@@QAE@XZ     00463510 f i abackproject.obj
 0001:00062560       ??0?$_CvNodeManager@U?$_CvTreeNode@HH@@@@QAE@XZ 00463560 f i abackproject.obj
 0001:000625a0       ?foaCvBackProject@@YAHV?$CvTree@HH@@HHH@Z 004635a0 f i abackproject.obj
 0001:00062a30       ??1?$CvTree@HH@@QAE@XZ     00463a30 f i abackproject.obj
 0001:00062a60       ??1?$_CvNodeManager@U?$_CvTreeNode@HH@@@@QAE@XZ 00463a60 f i abackproject.obj
 0001:00062a90       ?destroy@?$_CvNodeManager@U?$_CvTreeNode@HH@@@@QAEXXZ 00463a90 f i abackproject.obj
 0001:00062b20       ??0?$_CvNodeManager@U?$_CvTreeNode@MH@@@@QAE@XZ 00463b20 f i abackproject.obj
 0001:00062b60       ?foaCvBackProject@@YAHV?$CvTree@MH@@MMH@Z 00463b60 f i abackproject.obj
 0001:00062ff0       ??1?$CvTree@MH@@QAE@XZ     00463ff0 f i abackproject.obj
 0001:00063020       ??1?$_CvNodeManager@U?$_CvTreeNode@MH@@@@QAE@XZ 00464020 f i abackproject.obj
 0001:00063050       ?destroy@?$_CvNodeManager@U?$_CvTreeNode@MH@@@@QAEXXZ 00464050 f i abackproject.obj
 0001:000630e0       ??0?$_CvNodeManager@U?$_CvTreeNode@FH@@@@QAE@XZ 004640e0 f i abackproject.obj
 0001:00063120       ?foaCvBackProject@@YAHV?$CvTree@FH@@FFH@Z 00464120 f i abackproject.obj
 0001:000635a0       ??1?$CvTree@FH@@QAE@XZ     004645a0 f i abackproject.obj
 0001:000635d0       ??1?$_CvNodeManager@U?$_CvTreeNode@FH@@@@QAE@XZ 004645d0 f i abackproject.obj
 0001:00063600       ?destroy@?$_CvNodeManager@U?$_CvTreeNode@FH@@@@QAEXXZ 00464600 f i abackproject.obj
 0001:00063690       ??0?$CVHistogram@V?$CvArray@H@@@@QAE@HHHHHH@Z 00464690 f i abackproject.obj
 0001:00063710       ??1?$CVHistogram@V?$CvArray@H@@@@QAE@XZ 00464710 f i abackproject.obj
 0001:00063770       ??0?$CVHistogram@V?$CvArray@M@@@@QAE@HHHHHH@Z 00464770 f i abackproject.obj
 0001:000637f0       ??1?$CVHistogram@V?$CvArray@M@@@@QAE@XZ 004647f0 f i abackproject.obj
 0001:00063850       ??0?$CVHistogram@V?$CvArray@F@@@@QAE@HHHHHH@Z 00464850 f i abackproject.obj
 0001:000638d0       ??1?$CVHistogram@V?$CvArray@F@@@@QAE@XZ 004648d0 f i abackproject.obj
 0001:00063930       ??0?$CVHistogram@V?$CvTree@HH@@@@QAE@HHHHHH@Z 00464930 f i abackproject.obj
 0001:000639b0       ??1?$CVHistogram@V?$CvTree@HH@@@@QAE@XZ 004649b0 f i abackproject.obj
 0001:00063a10       ??0?$CVHistogram@V?$CvTree@MH@@@@QAE@HHHHHH@Z 00464a10 f i abackproject.obj
 0001:00063a90       ??1?$CVHistogram@V?$CvTree@MH@@@@QAE@XZ 00464a90 f i abackproject.obj
 0001:00063af0       ??0?$CVHistogram@V?$CvTree@FH@@@@QAE@HHHHHH@Z 00464af0 f i abackproject.obj
 0001:00063b70       ??1?$CVHistogram@V?$CvTree@FH@@@@QAE@XZ 00464b70 f i abackproject.obj
 0001:00063bd0       ?destroy@?$CVHistogram@V?$CvArray@H@@@@QAEXXZ 00464bd0 f i abackproject.obj
 0001:00063c00       ?destroy@?$CVHistogram@V?$CvArray@M@@@@QAEXXZ 00464c00 f i abackproject.obj
 0001:00063c30       ?destroy@?$CVHistogram@V?$CvArray@F@@@@QAEXXZ 00464c30 f i abackproject.obj
 0001:00063c60       ?destroy@?$CVHistogram@V?$CvTree@HH@@@@QAEXXZ 00464c60 f i abackproject.obj
 0001:00063c90       ?destroy@?$CVHistogram@V?$CvTree@MH@@@@QAEXXZ 00464c90 f i abackproject.obj
 0001:00063cc0       ?destroy@?$CVHistogram@V?$CvTree@FH@@@@QAEXXZ 00464cc0 f i abackproject.obj
 0001:00063cf0       ?destroy@?$CvTree@HH@@QAEXXZ 00464cf0 f i abackproject.obj
 0001:00063d30       ?destroy@?$CvTree@MH@@QAEXXZ 00464d30 f i abackproject.obj
 0001:00063d70       ?destroy@?$CvTree@FH@@QAEXXZ 00464d70 f i abackproject.obj
 0001:00063db0       ?destroy@?$CvArray@H@@QAEXXZ 00464db0 f i abackproject.obj
 0001:00063e10       ?create@?$CVHistogram@V?$CvArray@H@@@@QAEXHHHHHH@Z 00464e10 f i abackproject.obj
 0001:00063fc0       ?calc_histogram_from_images@@YAXAAV?$CVHistogram@V?$CvArray@H@@@@PAPAHUCvSize@@H1@Z 00464fc0 f i abackproject.obj
 0001:00064150       ?calc_back_project_from_images@@YAXAAV?$CVHistogram@V?$CvArray@H@@@@PAPAHUCvSize@@H1PAHHH@Z 00465150 f i abackproject.obj
 0001:00064350       ?destroy@?$CvArray@M@@QAEXXZ 00465350 f i abackproject.obj
 0001:000643b0       ?create@?$CVHistogram@V?$CvArray@M@@@@QAEXHHHHHH@Z 004653b0 f i abackproject.obj
 0001:00064560       ?calc_histogram_from_images@@YAXAAV?$CVHistogram@V?$CvArray@M@@@@PAPAMUCvSize@@H1@Z 00465560 f i abackproject.obj
 0001:00064700       ?calc_back_project_from_images@@YAXAAV?$CVHistogram@V?$CvArray@M@@@@PAPAMUCvSize@@H1PAHHH@Z 00465700 f i abackproject.obj
 0001:00064910       ?destroy@?$CvArray@F@@QAEXXZ 00465910 f i abackproject.obj
 0001:00064970       ?create@?$CVHistogram@V?$CvArray@F@@@@QAEXHHHHHH@Z 00465970 f i abackproject.obj
 0001:00064b20       ?calc_histogram_from_images@@YAXAAV?$CVHistogram@V?$CvArray@F@@@@PAPAFUCvSize@@H1@Z 00465b20 f i abackproject.obj
 0001:00064cc0       ?calc_back_project_from_images@@YAXAAV?$CVHistogram@V?$CvArray@F@@@@PAPAFUCvSize@@H1PAHHH@Z 00465cc0 f i abackproject.obj
 0001:00064ed0       ?create@?$CVHistogram@V?$CvTree@HH@@@@QAEXHHHHHH@Z 00465ed0 f i abackproject.obj
 0001:00065080       ?calc_histogram_from_images@@YAXAAV?$CVHistogram@V?$CvTree@HH@@@@PAPAHUCvSize@@H1@Z 00466080 f i abackproject.obj
 0001:00065210       ?calc_back_project_from_images@@YAXAAV?$CVHistogram@V?$CvTree@HH@@@@PAPAHUCvSize@@H1PAHHH@Z 00466210 f i abackproject.obj
 0001:00065410       ?create@?$CVHistogram@V?$CvTree@MH@@@@QAEXHHHHHH@Z 00466410 f i abackproject.obj
 0001:000655c0       ?calc_histogram_from_images@@YAXAAV?$CVHistogram@V?$CvTree@MH@@@@PAPAMUCvSize@@H1@Z 004665c0 f i abackproject.obj
 0001:00065760       ?calc_back_project_from_images@@YAXAAV?$CVHistogram@V?$CvTree@MH@@@@PAPAMUCvSize@@H1PAHHH@Z 00466760 f i abackproject.obj
 0001:00065970       ?create@?$CVHistogram@V?$CvTree@FH@@@@QAEXHHHHHH@Z 00466970 f i abackproject.obj
 0001:00065b20       ?calc_histogram_from_images@@YAXAAV?$CVHistogram@V?$CvTree@FH@@@@PAPAFUCvSize@@H1@Z 00466b20 f i abackproject.obj
 0001:00065cc0       ?calc_back_project_from_images@@YAXAAV?$CVHistogram@V?$CvTree@FH@@@@PAPAFUCvSize@@H1PAHHH@Z 00466cc0 f i abackproject.obj
 0001:00065ed0       ?clear@?$CvTree@HH@@QAEXXZ 00466ed0 f i abackproject.obj
 0001:00065f10       ?set_size@?$CvTree@HH@@QAEXH@Z 00466f10 f i abackproject.obj
 0001:00065f30       ?clear@?$CvTree@MH@@QAEXXZ 00466f30 f i abackproject.obj
 0001:00065f70       ?set_size@?$CvTree@MH@@QAEXH@Z 00466f70 f i abackproject.obj
 0001:00065f90       ?clear@?$CvTree@FH@@QAEXXZ 00466f90 f i abackproject.obj
 0001:00065fd0       ?set_size@?$CvTree@FH@@QAEXH@Z 00466fd0 f i abackproject.obj
 0001:00065ff0       ?get_dims@?$CVHistogram@V?$CvArray@H@@@@QBEHXZ 00466ff0 f i abackproject.obj
 0001:00066010       ?get_dim_size@?$CVHistogram@V?$CvArray@H@@@@QBEHH@Z 00467010 f i abackproject.obj
 0001:00066030       ?get_dims@?$CVHistogram@V?$CvArray@M@@@@QBEHXZ 00467030 f i abackproject.obj
 0001:00066050       ?get_dim_size@?$CVHistogram@V?$CvArray@M@@@@QBEHH@Z 00467050 f i abackproject.obj
 0001:00066070       ?get_dims@?$CVHistogram@V?$CvArray@F@@@@QBEHXZ 00467070 f i abackproject.obj
 0001:00066090       ?get_dim_size@?$CVHistogram@V?$CvArray@F@@@@QBEHH@Z 00467090 f i abackproject.obj
 0001:000660b0       ?get_dims@?$CVHistogram@V?$CvTree@HH@@@@QBEHXZ 004670b0 f i abackproject.obj
 0001:000660d0       ?get_dim_size@?$CVHistogram@V?$CvTree@HH@@@@QBEHH@Z 004670d0 f i abackproject.obj
 0001:000660f0       ?get_dims@?$CVHistogram@V?$CvTree@MH@@@@QBEHXZ 004670f0 f i abackproject.obj
 0001:00066110       ?get_dim_size@?$CVHistogram@V?$CvTree@MH@@@@QBEHH@Z 00467110 f i abackproject.obj
 0001:00066130       ?get_dims@?$CVHistogram@V?$CvTree@FH@@@@QBEHXZ 00467130 f i abackproject.obj
 0001:00066150       ?get_dim_size@?$CVHistogram@V?$CvTree@FH@@@@QBEHH@Z 00467150 f i abackproject.obj
 0001:00066170       ?clear@?$CvArray@H@@QAEXXZ 00467170 f i abackproject.obj
 0001:000661d0       ?set_size@?$CvArray@H@@QAEXH@Z 004671d0 f i abackproject.obj
 0001:000662f0       ?query@?$CVHistogram@V?$CvArray@H@@@@QBEHPBH@Z 004672f0 f i abackproject.obj
 0001:00066460       ??R?$CVHistogram@V?$CvArray@H@@@@QAEAAHPBH@Z 00467460 f i abackproject.obj
 0001:000665e0       ?clear@?$CvArray@M@@QAEXXZ 004675e0 f i abackproject.obj
 0001:00066640       ?set_size@?$CvArray@M@@QAEXH@Z 00467640 f i abackproject.obj
 0001:00066760       ?query@?$CVHistogram@V?$CvArray@M@@@@QBEMPBH@Z 00467760 f i abackproject.obj
 0001:000668e0       ??R?$CVHistogram@V?$CvArray@M@@@@QAEAAMPBH@Z 004678e0 f i abackproject.obj
 0001:00066a60       ?clear@?$CvArray@F@@QAEXXZ 00467a60 f i abackproject.obj
 0001:00066ac0       ?set_size@?$CvArray@F@@QAEXH@Z 00467ac0 f i abackproject.obj
 0001:00066be0       ?query@?$CVHistogram@V?$CvArray@F@@@@QBEFPBH@Z 00467be0 f i abackproject.obj
 0001:00066d50       ??R?$CVHistogram@V?$CvArray@F@@@@QAEAAFPBH@Z 00467d50 f i abackproject.obj
 0001:00066ed0       ?query@?$CVHistogram@V?$CvTree@HH@@@@QBEHPBH@Z 00467ed0 f i abackproject.obj
 0001:00067040       ??R?$CVHistogram@V?$CvTree@HH@@@@QAEAAHPBH@Z 00468040 f i abackproject.obj
 0001:000671c0       ?query@?$CVHistogram@V?$CvTree@MH@@@@QBEMPBH@Z 004681c0 f i abackproject.obj
 0001:00067340       ??R?$CVHistogram@V?$CvTree@MH@@@@QAEAAMPBH@Z 00468340 f i abackproject.obj
 0001:000674c0       ?query@?$CVHistogram@V?$CvTree@FH@@@@QBEFPBH@Z 004684c0 f i abackproject.obj
 0001:00067630       ??R?$CVHistogram@V?$CvTree@FH@@@@QAEAAFPBH@Z 00468630 f i abackproject.obj
 0001:000677b0       ?clear@?$_CvNodeManager@U?$_CvTreeNode@HH@@@@QAEXXZ 004687b0 f i abackproject.obj
 0001:00067860       ?clear@?$_CvNodeManager@U?$_CvTreeNode@MH@@@@QAEXXZ 00468860 f i abackproject.obj
 0001:00067910       ?clear@?$_CvNodeManager@U?$_CvTreeNode@FH@@@@QAEXXZ 00468910 f i abackproject.obj
 0001:000679c0       ?next@?$_CvTreeNode@HH@@QAEAAPAU1@XZ 004689c0 f i abackproject.obj
 0001:000679e0       ?next@?$_CvTreeNode@MH@@QAEAAPAU1@XZ 004689e0 f i abackproject.obj
 0001:00067a00       ?next@?$_CvTreeNode@FH@@QAEAAPAU1@XZ 00468a00 f i abackproject.obj
 0001:00067a20       ?query@?$CVHistogram@V?$CvArray@H@@@@QBEHH@Z 00468a20 f i abackproject.obj
 0001:00067a50       ?query@?$CVHistogram@V?$CvArray@H@@@@QBEHHH@Z 00468a50 f i abackproject.obj
 0001:00067a90       ?query@?$CVHistogram@V?$CvArray@H@@@@QBEHHHH@Z 00468a90 f i abackproject.obj
 0001:00067ae0       ?query@?$CVHistogram@V?$CvArray@H@@@@QBEHHHHHHH@Z 00468ae0 f i abackproject.obj
 0001:00067b30       ??A?$CVHistogram@V?$CvArray@H@@@@QAEAAHH@Z 00468b30 f i abackproject.obj
 0001:00067b60       ??R?$CVHistogram@V?$CvArray@H@@@@QAEAAHH@Z 00468b60 f i abackproject.obj
 0001:00067b90       ??R?$CVHistogram@V?$CvArray@H@@@@QAEAAHHH@Z 00468b90 f i abackproject.obj
 0001:00067bd0       ??R?$CVHistogram@V?$CvArray@H@@@@QAEAAHHHH@Z 00468bd0 f i abackproject.obj
 0001:00067c20       ??R?$CVHistogram@V?$CvArray@H@@@@QAEAAHHHHHHH@Z 00468c20 f i abackproject.obj
 0001:00067c70       ?query@?$CVHistogram@V?$CvArray@M@@@@QBEMH@Z 00468c70 f i abackproject.obj
 0001:00067ca0       ?query@?$CVHistogram@V?$CvArray@M@@@@QBEMHH@Z 00468ca0 f i abackproject.obj
 0001:00067ce0       ?query@?$CVHistogram@V?$CvArray@M@@@@QBEMHHH@Z 00468ce0 f i abackproject.obj
 0001:00067d30       ?query@?$CVHistogram@V?$CvArray@M@@@@QBEMHHHHHH@Z 00468d30 f i abackproject.obj
 0001:00067d80       ??A?$CVHistogram@V?$CvArray@M@@@@QAEAAMH@Z 00468d80 f i abackproject.obj
 0001:00067db0       ??R?$CVHistogram@V?$CvArray@M@@@@QAEAAMH@Z 00468db0 f i abackproject.obj
 0001:00067de0       ??R?$CVHistogram@V?$CvArray@M@@@@QAEAAMHH@Z 00468de0 f i abackproject.obj
 0001:00067e20       ??R?$CVHistogram@V?$CvArray@M@@@@QAEAAMHHH@Z 00468e20 f i abackproject.obj
 0001:00067e70       ??R?$CVHistogram@V?$CvArray@M@@@@QAEAAMHHHHHH@Z 00468e70 f i abackproject.obj
 0001:00067ec0       ?query@?$CVHistogram@V?$CvArray@F@@@@QBEFH@Z 00468ec0 f i abackproject.obj
 0001:00067ef0       ?query@?$CVHistogram@V?$CvArray@F@@@@QBEFHH@Z 00468ef0 f i abackproject.obj
 0001:00067f30       ?query@?$CVHistogram@V?$CvArray@F@@@@QBEFHHH@Z 00468f30 f i abackproject.obj
 0001:00067f80       ?query@?$CVHistogram@V?$CvArray@F@@@@QBEFHHHHHH@Z 00468f80 f i abackproject.obj
 0001:00067fd0       ??A?$CVHistogram@V?$CvArray@F@@@@QAEAAFH@Z 00468fd0 f i abackproject.obj
 0001:00068000       ??R?$CVHistogram@V?$CvArray@F@@@@QAEAAFH@Z 00469000 f i abackproject.obj
 0001:00068030       ??R?$CVHistogram@V?$CvArray@F@@@@QAEAAFHH@Z 00469030 f i abackproject.obj
 0001:00068070       ??R?$CVHistogram@V?$CvArray@F@@@@QAEAAFHHH@Z 00469070 f i abackproject.obj
 0001:000680c0       ??R?$CVHistogram@V?$CvArray@F@@@@QAEAAFHHHHHH@Z 004690c0 f i abackproject.obj
 0001:00068110       ?query@?$CVHistogram@V?$CvTree@HH@@@@QBEHH@Z 00469110 f i abackproject.obj
 0001:00068140       ?query@?$CVHistogram@V?$CvTree@HH@@@@QBEHHH@Z 00469140 f i abackproject.obj
 0001:00068180       ?query@?$CVHistogram@V?$CvTree@HH@@@@QBEHHHH@Z 00469180 f i abackproject.obj
 0001:000681d0       ?query@?$CVHistogram@V?$CvTree@HH@@@@QBEHHHHHHH@Z 004691d0 f i abackproject.obj
 0001:00068220       ??A?$CVHistogram@V?$CvTree@HH@@@@QAEAAHH@Z 00469220 f i abackproject.obj
 0001:00068250       ??R?$CVHistogram@V?$CvTree@HH@@@@QAEAAHH@Z 00469250 f i abackproject.obj
 0001:00068280       ??R?$CVHistogram@V?$CvTree@HH@@@@QAEAAHHH@Z 00469280 f i abackproject.obj
 0001:000682c0       ??R?$CVHistogram@V?$CvTree@HH@@@@QAEAAHHHH@Z 004692c0 f i abackproject.obj
 0001:00068310       ??R?$CVHistogram@V?$CvTree@HH@@@@QAEAAHHHHHHH@Z 00469310 f i abackproject.obj
 0001:00068360       ?query@?$CVHistogram@V?$CvTree@MH@@@@QBEMH@Z 00469360 f i abackproject.obj
 0001:00068390       ?query@?$CVHistogram@V?$CvTree@MH@@@@QBEMHH@Z 00469390 f i abackproject.obj
 0001:000683d0       ?query@?$CVHistogram@V?$CvTree@MH@@@@QBEMHHH@Z 004693d0 f i abackproject.obj
 0001:00068420       ?query@?$CVHistogram@V?$CvTree@MH@@@@QBEMHHHHHH@Z 00469420 f i abackproject.obj
 0001:00068470       ??A?$CVHistogram@V?$CvTree@MH@@@@QAEAAMH@Z 00469470 f i abackproject.obj
 0001:000684a0       ??R?$CVHistogram@V?$CvTree@MH@@@@QAEAAMH@Z 004694a0 f i abackproject.obj
 0001:000684d0       ??R?$CVHistogram@V?$CvTree@MH@@@@QAEAAMHH@Z 004694d0 f i abackproject.obj
 0001:00068510       ??R?$CVHistogram@V?$CvTree@MH@@@@QAEAAMHHH@Z 00469510 f i abackproject.obj
 0001:00068560       ??R?$CVHistogram@V?$CvTree@MH@@@@QAEAAMHHHHHH@Z 00469560 f i abackproject.obj
 0001:000685b0       ?query@?$CVHistogram@V?$CvTree@FH@@@@QBEFH@Z 004695b0 f i abackproject.obj
 0001:000685e0       ?query@?$CVHistogram@V?$CvTree@FH@@@@QBEFHH@Z 004695e0 f i abackproject.obj
 0001:00068620       ?query@?$CVHistogram@V?$CvTree@FH@@@@QBEFHHH@Z 00469620 f i abackproject.obj
 0001:00068670       ?query@?$CVHistogram@V?$CvTree@FH@@@@QBEFHHHHHH@Z 00469670 f i abackproject.obj
 0001:000686c0       ??A?$CVHistogram@V?$CvTree@FH@@@@QAEAAFH@Z 004696c0 f i abackproject.obj
 0001:000686f0       ??R?$CVHistogram@V?$CvTree@FH@@@@QAEAAFH@Z 004696f0 f i abackproject.obj
 0001:00068720       ??R?$CVHistogram@V?$CvTree@FH@@@@QAEAAFHH@Z 00469720 f i abackproject.obj
 0001:00068760       ??R?$CVHistogram@V?$CvTree@FH@@@@QAEAAFHHH@Z 00469760 f i abackproject.obj
 0001:000687b0       ??R?$CVHistogram@V?$CvTree@FH@@@@QAEAAFHHHHHH@Z 004697b0 f i abackproject.obj
 0001:00068800       ?get_node@?$CvNodeIterator@U?$_CvTreeNode@HH@@@@QBEPAU?$_CvTreeNode@HH@@XZ 00469800 f i abackproject.obj
 0001:00068830       ??0?$CvNodeIterator@U?$_CvTreeNode@HH@@@@QAE@PAU?$_CvNodeBlock@U?$_CvTreeNode@HH@@@@@Z 00469830 f i abackproject.obj
 0001:00068860       ??0?$CvNodeIterator@U?$_CvTreeNode@HH@@@@QAE@PAU?$_CvNodeBlock@U?$_CvTreeNode@HH@@@@H@Z 00469860 f i abackproject.obj
 0001:00068890       ??9?$CvNodeIterator@U?$_CvTreeNode@HH@@@@QBE_NABV0@@Z 00469890 f i abackproject.obj
 0001:000688e0       ?get_node@?$CvNodeIterator@U?$_CvTreeNode@MH@@@@QBEPAU?$_CvTreeNode@MH@@XZ 004698e0 f i abackproject.obj
 0001:00068910       ??0?$CvNodeIterator@U?$_CvTreeNode@MH@@@@QAE@PAU?$_CvNodeBlock@U?$_CvTreeNode@MH@@@@@Z 00469910 f i abackproject.obj
 0001:00068940       ??0?$CvNodeIterator@U?$_CvTreeNode@MH@@@@QAE@PAU?$_CvNodeBlock@U?$_CvTreeNode@MH@@@@H@Z 00469940 f i abackproject.obj
 0001:00068970       ??9?$CvNodeIterator@U?$_CvTreeNode@MH@@@@QBE_NABV0@@Z 00469970 f i abackproject.obj
 0001:000689c0       ?get_node@?$CvNodeIterator@U?$_CvTreeNode@FH@@@@QBEPAU?$_CvTreeNode@FH@@XZ 004699c0 f i abackproject.obj
 0001:000689f0       ??0?$CvNodeIterator@U?$_CvTreeNode@FH@@@@QAE@PAU?$_CvNodeBlock@U?$_CvTreeNode@FH@@@@@Z 004699f0 f i abackproject.obj
 0001:00068a20       ??0?$CvNodeIterator@U?$_CvTreeNode@FH@@@@QAE@PAU?$_CvNodeBlock@U?$_CvTreeNode@FH@@@@H@Z 00469a20 f i abackproject.obj
 0001:00068a50       ??9?$CvNodeIterator@U?$_CvTreeNode@FH@@@@QBE_NABV0@@Z 00469a50 f i abackproject.obj
 0001:00068aa0       ?query@?$CvArray@H@@QBEHH@Z 00469aa0 f i abackproject.obj
 0001:00068b00       ??A?$CvArray@H@@QAEAAHH@Z  00469b00 f i abackproject.obj
 0001:00068b60       ?query@?$CvArray@M@@QBEMH@Z 00469b60 f i abackproject.obj
 0001:00068bc0       ??A?$CvArray@M@@QAEAAMH@Z  00469bc0 f i abackproject.obj
 0001:00068c20       ?query@?$CvArray@F@@QBEFH@Z 00469c20 f i abackproject.obj
 0001:00068c90       ??A?$CvArray@F@@QAEAAFH@Z  00469c90 f i abackproject.obj
 0001:00068cf0       ??A?$CvTree@HH@@QAEAAHH@Z  00469cf0 f i abackproject.obj
 0001:00068d60       ??A?$CvTree@MH@@QAEAAMH@Z  00469d60 f i abackproject.obj
 0001:00068dd0       ??A?$CvTree@FH@@QAEAAFH@Z  00469dd0 f i abackproject.obj
 0001:00068e40       ?get_idx@?$CVHistogram@V?$CvArray@H@@@@IBEHHHHHHH@Z 00469e40 f i abackproject.obj
 0001:00068ea0       ?get_idx@?$CVHistogram@V?$CvArray@M@@@@IBEHHHHHHH@Z 00469ea0 f i abackproject.obj
 0001:00068f00       ?get_idx@?$CVHistogram@V?$CvArray@F@@@@IBEHHHHHHH@Z 00469f00 f i abackproject.obj
 0001:00068f60       ?get_idx@?$CVHistogram@V?$CvTree@HH@@@@IBEHHHHHHH@Z 00469f60 f i abackproject.obj
 0001:00068fc0       ?get_idx@?$CVHistogram@V?$CvTree@MH@@@@IBEHHHHHHH@Z 00469fc0 f i abackproject.obj
 0001:00069020       ?get_idx@?$CVHistogram@V?$CvTree@FH@@@@IBEHHHHHHH@Z 0046a020 f i abackproject.obj
 0001:00069080       ??E?$CvNodeIterator@U?$_CvTreeNode@HH@@@@QAE?BV0@H@Z 0046a080 f i abackproject.obj
 0001:00069110       ??E?$CvNodeIterator@U?$_CvTreeNode@MH@@@@QAE?BV0@H@Z 0046a110 f i abackproject.obj
 0001:000691a0       ??E?$CvNodeIterator@U?$_CvTreeNode@FH@@@@QAE?BV0@H@Z 0046a1a0 f i abackproject.obj
 0001:00069230       ?query@?$CvTree@HH@@QBEHH@Z 0046a230 f i abackproject.obj
 0001:000692d0       ?create_node@?$CvTree@HH@@IAEPAU?$_CvTreeNode@HH@@H@Z 0046a2d0 f i abackproject.obj
 0001:00069860       ?query@?$CvTree@MH@@QBEMH@Z 0046a860 f i abackproject.obj
 0001:00069900       ?create_node@?$CvTree@MH@@IAEPAU?$_CvTreeNode@MH@@H@Z 0046a900 f i abackproject.obj
 0001:00069e90       ?query@?$CvTree@FH@@QBEFH@Z 0046ae90 f i abackproject.obj
 0001:00069f30       ?create_node@?$CvTree@FH@@IAEPAU?$_CvTreeNode@FH@@H@Z 0046af30 f i abackproject.obj
 0001:0006a4c0       ?new_node@?$_CvNodeManager@U?$_CvTreeNode@HH@@@@QAEPAU?$_CvTreeNode@HH@@XZ 0046b4c0 f i abackproject.obj
 0001:0006a540       ?new_node@?$_CvNodeManager@U?$_CvTreeNode@MH@@@@QAEPAU?$_CvTreeNode@MH@@XZ 0046b540 f i abackproject.obj
 0001:0006a5c0       ?new_node@?$_CvNodeManager@U?$_CvTreeNode@FH@@@@QAEPAU?$_CvTreeNode@FH@@XZ 0046b5c0 f i abackproject.obj
 0001:0006a640       ?allocate_new_block@?$_CvNodeManager@U?$_CvTreeNode@HH@@@@IAEPAU?$_CvTreeNode@HH@@XZ 0046b640 f i abackproject.obj
 0001:0006a7b0       ?allocate_new_block@?$_CvNodeManager@U?$_CvTreeNode@MH@@@@IAEPAU?$_CvTreeNode@MH@@XZ 0046b7b0 f i abackproject.obj
 0001:0006a920       ?allocate_new_block@?$_CvNodeManager@U?$_CvTreeNode@FH@@@@IAEPAU?$_CvTreeNode@FH@@XZ 0046b920 f i abackproject.obj
 0001:0006aa90       ??A?$_CvNodeBlock@U?$_CvTreeNode@HH@@@@QAEAAU?$_CvTreeNode@HH@@H@Z 0046ba90 f i abackproject.obj
 0001:0006aab0       ??A?$_CvNodeBlock@U?$_CvTreeNode@MH@@@@QAEAAU?$_CvTreeNode@MH@@H@Z 0046bab0 f i abackproject.obj
 0001:0006aad0       ??A?$_CvNodeBlock@U?$_CvTreeNode@FH@@@@QAEAAU?$_CvTreeNode@FH@@H@Z 0046bad0 f i abackproject.obj
 0001:0006aaf0       ??0?$_CvNodeBlock@U?$_CvTreeNode@HH@@@@QAE@XZ 0046baf0 f i abackproject.obj
 0001:0006ab80       ??0?$_CvNodeBlock@U?$_CvTreeNode@MH@@@@QAE@XZ 0046bb80 f i abackproject.obj
 0001:0006ac10       ??0?$_CvNodeBlock@U?$_CvTreeNode@FH@@@@QAE@XZ 0046bc10 f i abackproject.obj
 0001:0006aca0       ??_H@YGXPAXIHP6EX0@Z@Z     0046bca0 f i abackproject.obj
 0001:0006ace0       ??0?$_CvTreeNode@HH@@QAE@XZ 0046bce0 f i abackproject.obj
 0001:0006ad30       ??0?$_CvTreeNode@MH@@QAE@XZ 0046bd30 f i abackproject.obj
 0001:0006ad80       ??0?$_CvTreeNode@FH@@QAE@XZ 0046bd80 f i abackproject.obj
 0001:0006add0       ?InitACvCalculate@@YAXXZ   0046bdd0 f   acalculate.obj
 0001:0006b0b0       ?foaCvCalculate@@YAHV?$CvArray@H@@HH@Z 0046c0b0 f i acalculate.obj
 0001:0006b590       ?foaCvCalculate@@YAHV?$CvArray@M@@MM@Z 0046c590 f i acalculate.obj
 0001:0006baa0       ?foaCvCalculate@@YAHV?$CvArray@F@@FF@Z 0046caa0 f i acalculate.obj
 0001:0006bf70       ?foaCvCalculate@@YAHV?$CvTree@HH@@HH@Z 0046cf70 f i acalculate.obj
 0001:0006c450       ?foaCvCalculate@@YAHV?$CvTree@MH@@MM@Z 0046d450 f i acalculate.obj
 0001:0006c960       ?foaCvCalculate@@YAHV?$CvTree@FH@@FF@Z 0046d960 f i acalculate.obj
 0001:0006ce30       ?InitAHistogram@@YAXXZ     0046de30 f   ahistogram.obj
 0001:0006d1f0       ?foaHistogram@@YAHV?$CvArray@H@@0@Z 0046e1f0 f i ahistogram.obj
 0001:0006dfe0       ?foaHistogram@@YAHV?$CvArray@M@@0@Z 0046efe0 f i ahistogram.obj
 0001:0006eee0       ?foaHistogram@@YAHV?$CvArray@F@@0@Z 0046fee0 f i ahistogram.obj
 0001:0006fcf0       ?foaHistogram@@YAHV?$CvTree@HH@@0@Z 00470cf0 f i ahistogram.obj
 0001:00070ae0       ?foaHistogram@@YAHV?$CvTree@MH@@0@Z 00471ae0 f i ahistogram.obj
 0001:000719e0       ?foaHistogram@@YAHV?$CvTree@FH@@0@Z 004729e0 f i ahistogram.obj
 0001:000727f0       ?clear@?$CVHistogram@V?$CvArray@H@@@@QAEXXZ 004737f0 f i ahistogram.obj
 0001:00072820       ?clear@?$CVHistogram@V?$CvArray@M@@@@QAEXXZ 00473820 f i ahistogram.obj
 0001:00072850       ?clear@?$CVHistogram@V?$CvArray@F@@@@QAEXXZ 00473850 f i ahistogram.obj
 0001:00072880       ?clear@?$CVHistogram@V?$CvTree@HH@@@@QAEXXZ 00473880 f i ahistogram.obj
 0001:000728b0       ?clear@?$CVHistogram@V?$CvTree@MH@@@@QAEXXZ 004738b0 f i ahistogram.obj
 0001:000728e0       ?clear@?$CVHistogram@V?$CvTree@FH@@@@QAEXXZ 004738e0 f i ahistogram.obj
 0001:00072910       ?normalize@?$CVHistogram@V?$CvArray@H@@@@QBEXAAV1@H@Z 00473910 f i ahistogram.obj
 0001:00072a40       ?normalize@?$CVHistogram@V?$CvArray@H@@@@QAEXH@Z 00473a40 f i ahistogram.obj
 0001:00072b70       ?threshold@?$CVHistogram@V?$CvArray@H@@@@QAEXHAAV1@@Z 00473b70 f i ahistogram.obj
 0001:00072c30       ?threshold@?$CVHistogram@V?$CvArray@H@@@@QAEXH@Z 00473c30 f i ahistogram.obj
 0001:00072ce0       ??Z?$CVHistogram@V?$CvArray@H@@@@QAEAAV0@H@Z 00473ce0 f i ahistogram.obj
 0001:00072d90       ??X?$CVHistogram@V?$CvArray@H@@@@QAEAAV0@H@Z 00473d90 f i ahistogram.obj
 0001:00072e30       ?mean@?$CVHistogram@V?$CvArray@H@@@@QBENXZ 00473e30 f i ahistogram.obj
 0001:00072ee0       ??4?$CVHistogram@V?$CvArray@H@@@@QAEAAV0@ABV0@@Z 00473ee0 f i ahistogram.obj
 0001:00072fc0       ?operate_with@?$CVHistogram@V?$CvArray@H@@@@QBENABV1@Voperation@@@Z 00473fc0 f i ahistogram.obj
 0001:00073000       ?normalize@?$CVHistogram@V?$CvArray@M@@@@QBEXAAV1@M@Z 00474000 f i ahistogram.obj
 0001:00073130       ?normalize@?$CVHistogram@V?$CvArray@M@@@@QAEXM@Z 00474130 f i ahistogram.obj
 0001:00073260       ?threshold@?$CVHistogram@V?$CvArray@M@@@@QAEXMAAV1@@Z 00474260 f i ahistogram.obj
 0001:00073320       ?threshold@?$CVHistogram@V?$CvArray@M@@@@QAEXM@Z 00474320 f i ahistogram.obj
 0001:000733d0       ??Z?$CVHistogram@V?$CvArray@M@@@@QAEAAV0@M@Z 004743d0 f i ahistogram.obj
 0001:00073490       ??X?$CVHistogram@V?$CvArray@M@@@@QAEAAV0@M@Z 00474490 f i ahistogram.obj
 0001:00073530       ?mean@?$CVHistogram@V?$CvArray@M@@@@QBENXZ 00474530 f i ahistogram.obj
 0001:000735e0       ??4?$CVHistogram@V?$CvArray@M@@@@QAEAAV0@ABV0@@Z 004745e0 f i ahistogram.obj
 0001:000736c0       ?operate_with@?$CVHistogram@V?$CvArray@M@@@@QBENABV1@Voperation@@@Z 004746c0 f i ahistogram.obj
 0001:00073700       ?normalize@?$CVHistogram@V?$CvArray@F@@@@QBEXAAV1@F@Z 00474700 f i ahistogram.obj
 0001:00073840       ?normalize@?$CVHistogram@V?$CvArray@F@@@@QAEXF@Z 00474840 f i ahistogram.obj
 0001:00073980       ?threshold@?$CVHistogram@V?$CvArray@F@@@@QAEXFAAV1@@Z 00474980 f i ahistogram.obj
 0001:00073a50       ?threshold@?$CVHistogram@V?$CvArray@F@@@@QAEXF@Z 00474a50 f i ahistogram.obj
 0001:00073b10       ??Z?$CVHistogram@V?$CvArray@F@@@@QAEAAV0@F@Z 00474b10 f i ahistogram.obj
 0001:00073bd0       ??X?$CVHistogram@V?$CvArray@F@@@@QAEAAV0@F@Z 00474bd0 f i ahistogram.obj
 0001:00073c70       ?mean@?$CVHistogram@V?$CvArray@F@@@@QBENXZ 00474c70 f i ahistogram.obj
 0001:00073d30       ??4?$CVHistogram@V?$CvArray@F@@@@QAEAAV0@ABV0@@Z 00474d30 f i ahistogram.obj
 0001:00073e20       ?operate_with@?$CVHistogram@V?$CvArray@F@@@@QBENABV1@Voperation@@@Z 00474e20 f i ahistogram.obj
 0001:00073e60       ?normalize@?$CVHistogram@V?$CvTree@HH@@@@QBEXAAV1@H@Z 00474e60 f i ahistogram.obj
 0001:00073f90       ?normalize@?$CVHistogram@V?$CvTree@HH@@@@QAEXH@Z 00474f90 f i ahistogram.obj
 0001:000740c0       ?threshold@?$CVHistogram@V?$CvTree@HH@@@@QAEXHAAV1@@Z 004750c0 f i ahistogram.obj
 0001:00074180       ?threshold@?$CVHistogram@V?$CvTree@HH@@@@QAEXH@Z 00475180 f i ahistogram.obj
 0001:00074230       ??Z?$CVHistogram@V?$CvTree@HH@@@@QAEAAV0@H@Z 00475230 f i ahistogram.obj
 0001:000742f0       ??X?$CVHistogram@V?$CvTree@HH@@@@QAEAAV0@H@Z 004752f0 f i ahistogram.obj
 0001:00074390       ?mean@?$CVHistogram@V?$CvTree@HH@@@@QBENXZ 00475390 f i ahistogram.obj
 0001:00074450       ??4?$CVHistogram@V?$CvTree@HH@@@@QAEAAV0@ABV0@@Z 00475450 f i ahistogram.obj
 0001:00074540       ?operate_with@?$CVHistogram@V?$CvTree@HH@@@@QBENABV1@Voperation@@@Z 00475540 f i ahistogram.obj
 0001:00074580       ?normalize@?$CVHistogram@V?$CvTree@MH@@@@QBEXAAV1@M@Z 00475580 f i ahistogram.obj
 0001:000746b0       ?normalize@?$CVHistogram@V?$CvTree@MH@@@@QAEXM@Z 004756b0 f i ahistogram.obj
 0001:000747e0       ?threshold@?$CVHistogram@V?$CvTree@MH@@@@QAEXMAAV1@@Z 004757e0 f i ahistogram.obj
 0001:000748b0       ?threshold@?$CVHistogram@V?$CvTree@MH@@@@QAEXM@Z 004758b0 f i ahistogram.obj
 0001:00074970       ??Z?$CVHistogram@V?$CvTree@MH@@@@QAEAAV0@M@Z 00475970 f i ahistogram.obj
 0001:00074a30       ??X?$CVHistogram@V?$CvTree@MH@@@@QAEAAV0@M@Z 00475a30 f i ahistogram.obj
 0001:00074ad0       ?mean@?$CVHistogram@V?$CvTree@MH@@@@QBENXZ 00475ad0 f i ahistogram.obj
 0001:00074b90       ??4?$CVHistogram@V?$CvTree@MH@@@@QAEAAV0@ABV0@@Z 00475b90 f i ahistogram.obj
 0001:00074c80       ?operate_with@?$CVHistogram@V?$CvTree@MH@@@@QBENABV1@Voperation@@@Z 00475c80 f i ahistogram.obj
 0001:00074cc0       ?normalize@?$CVHistogram@V?$CvTree@FH@@@@QBEXAAV1@F@Z 00475cc0 f i ahistogram.obj
 0001:00074e00       ?normalize@?$CVHistogram@V?$CvTree@FH@@@@QAEXF@Z 00475e00 f i ahistogram.obj
 0001:00074f50       ?threshold@?$CVHistogram@V?$CvTree@FH@@@@QAEXFAAV1@@Z 00475f50 f i ahistogram.obj
 0001:00075020       ?threshold@?$CVHistogram@V?$CvTree@FH@@@@QAEXF@Z 00476020 f i ahistogram.obj
 0001:000750e0       ??Z?$CVHistogram@V?$CvTree@FH@@@@QAEAAV0@F@Z 004760e0 f i ahistogram.obj
 0001:000751a0       ??X?$CVHistogram@V?$CvTree@FH@@@@QAEAAV0@F@Z 004761a0 f i ahistogram.obj
 0001:00075240       ?mean@?$CVHistogram@V?$CvTree@FH@@@@QBENXZ 00476240 f i ahistogram.obj
 0001:00075300       ??4?$CVHistogram@V?$CvTree@FH@@@@QAEAAV0@ABV0@@Z 00476300 f i ahistogram.obj
 0001:000753f0       ?operate_with@?$CVHistogram@V?$CvTree@FH@@@@QBENABV1@Voperation@@@Z 004763f0 f i ahistogram.obj
 0001:00075430       ?begin@?$CVHistogram@V?$CvArray@H@@@@QBE?AV?$CvArrayIterator@H@@XZ 00476430 f i ahistogram.obj
 0001:00075480       ?end@?$CVHistogram@V?$CvArray@H@@@@QBE?AV?$CvArrayIterator@H@@XZ 00476480 f i ahistogram.obj
 0001:000754d0       ?raw_begin@?$CVHistogram@V?$CvArray@H@@@@QBE?AV?$CvArrayIterator@H@@XZ 004764d0 f i ahistogram.obj
 0001:00075520       ?raw_end@?$CVHistogram@V?$CvArray@H@@@@QBE?AV?$CvArrayIterator@H@@XZ 00476520 f i ahistogram.obj
 0001:00075570       ?begin@?$CVHistogram@V?$CvArray@M@@@@QBE?AV?$CvArrayIterator@M@@XZ 00476570 f i ahistogram.obj
 0001:000755c0       ?end@?$CVHistogram@V?$CvArray@M@@@@QBE?AV?$CvArrayIterator@M@@XZ 004765c0 f i ahistogram.obj
 0001:00075610       ?raw_begin@?$CVHistogram@V?$CvArray@M@@@@QBE?AV?$CvArrayIterator@M@@XZ 00476610 f i ahistogram.obj
 0001:00075660       ?raw_end@?$CVHistogram@V?$CvArray@M@@@@QBE?AV?$CvArrayIterator@M@@XZ 00476660 f i ahistogram.obj
 0001:000756b0       ?begin@?$CVHistogram@V?$CvArray@F@@@@QBE?AV?$CvArrayIterator@F@@XZ 004766b0 f i ahistogram.obj
 0001:00075700       ?end@?$CVHistogram@V?$CvArray@F@@@@QBE?AV?$CvArrayIterator@F@@XZ 00476700 f i ahistogram.obj
 0001:00075750       ?raw_begin@?$CVHistogram@V?$CvArray@F@@@@QBE?AV?$CvArrayIterator@F@@XZ 00476750 f i ahistogram.obj
 0001:000757a0       ?raw_end@?$CVHistogram@V?$CvArray@F@@@@QBE?AV?$CvArrayIterator@F@@XZ 004767a0 f i ahistogram.obj
 0001:000757f0       ?begin@?$CVHistogram@V?$CvTree@HH@@@@QBE?AV?$CvTreeIterator@U?$_CvTreeNode@HH@@@@XZ 004767f0 f i ahistogram.obj
 0001:00075840       ?end@?$CVHistogram@V?$CvTree@HH@@@@QBE?AV?$CvTreeIterator@U?$_CvTreeNode@HH@@@@XZ 00476840 f i ahistogram.obj
 0001:00075890       ?raw_begin@?$CVHistogram@V?$CvTree@HH@@@@QBE?AV?$CvNodeIterator@U?$_CvTreeNode@HH@@@@XZ 00476890 f i ahistogram.obj
 0001:000758e0       ?raw_end@?$CVHistogram@V?$CvTree@HH@@@@QBE?AV?$CvNodeIterator@U?$_CvTreeNode@HH@@@@XZ 004768e0 f i ahistogram.obj
 0001:00075930       ?begin@?$CVHistogram@V?$CvTree@MH@@@@QBE?AV?$CvTreeIterator@U?$_CvTreeNode@MH@@@@XZ 00476930 f i ahistogram.obj
 0001:00075980       ?end@?$CVHistogram@V?$CvTree@MH@@@@QBE?AV?$CvTreeIterator@U?$_CvTreeNode@MH@@@@XZ 00476980 f i ahistogram.obj
 0001:000759d0       ?raw_begin@?$CVHistogram@V?$CvTree@MH@@@@QBE?AV?$CvNodeIterator@U?$_CvTreeNode@MH@@@@XZ 004769d0 f i ahistogram.obj
 0001:00075a20       ?raw_end@?$CVHistogram@V?$CvTree@MH@@@@QBE?AV?$CvNodeIterator@U?$_CvTreeNode@MH@@@@XZ 00476a20 f i ahistogram.obj
 0001:00075a70       ?begin@?$CVHistogram@V?$CvTree@FH@@@@QBE?AV?$CvTreeIterator@U?$_CvTreeNode@FH@@@@XZ 00476a70 f i ahistogram.obj
 0001:00075ac0       ?end@?$CVHistogram@V?$CvTree@FH@@@@QBE?AV?$CvTreeIterator@U?$_CvTreeNode@FH@@@@XZ 00476ac0 f i ahistogram.obj
 0001:00075b10       ?raw_begin@?$CVHistogram@V?$CvTree@FH@@@@QBE?AV?$CvNodeIterator@U?$_CvTreeNode@FH@@@@XZ 00476b10 f i ahistogram.obj
 0001:00075b60       ?raw_end@?$CVHistogram@V?$CvTree@FH@@@@QBE?AV?$CvNodeIterator@U?$_CvTreeNode@FH@@@@XZ 00476b60 f i ahistogram.obj
 0001:00075bb0       ??D?$CvArrayIterator@H@@QBEAAHXZ 00476bb0 f i ahistogram.obj
 0001:00075bd0       ?get_idx@?$CvArrayIterator@H@@QBEHXZ 00476bd0 f i ahistogram.obj
 0001:00075bf0       ??E?$CvArrayIterator@H@@QAE?BV0@H@Z 00476bf0 f i ahistogram.obj
 0001:00075c50       ??0?$CvArrayIterator@H@@QAE@ABV0@@Z 00476c50 f i ahistogram.obj
 0001:00075c80       ??9?$CvArrayIterator@H@@QBE_NABV0@@Z 00476c80 f i ahistogram.obj
 0001:00075cd0       ??D?$CvArrayIterator@M@@QBEAAMXZ 00476cd0 f i ahistogram.obj
 0001:00075cf0       ?get_idx@?$CvArrayIterator@M@@QBEHXZ 00476cf0 f i ahistogram.obj
 0001:00075d10       ??E?$CvArrayIterator@M@@QAE?BV0@H@Z 00476d10 f i ahistogram.obj
 0001:00075d70       ??0?$CvArrayIterator@M@@QAE@ABV0@@Z 00476d70 f i ahistogram.obj
 0001:00075da0       ??9?$CvArrayIterator@M@@QBE_NABV0@@Z 00476da0 f i ahistogram.obj
 0001:00075df0       ??D?$CvNodeIterator@U?$_CvTreeNode@HH@@@@QBEAAHXZ 00476df0 f i ahistogram.obj
 0001:00075e20       ?get_idx@?$CvNodeIterator@U?$_CvTreeNode@HH@@@@QBEHXZ 00476e20 f i ahistogram.obj
 0001:00075e50       ??D?$CvTreeIterator@U?$_CvTreeNode@HH@@@@QAEAAHXZ 00476e50 f i ahistogram.obj
 0001:00075ea0       ?get_idx@?$CvTreeIterator@U?$_CvTreeNode@HH@@@@QAEHXZ 00476ea0 f i ahistogram.obj
 0001:00075ef0       ??4?$CvTreeIterator@U?$_CvTreeNode@HH@@@@QAEAAV0@ABV0@@Z 00476ef0 f i ahistogram.obj
 0001:00075f20       ??0?$CvTreeIterator@U?$_CvTreeNode@HH@@@@QAE@ABV0@@Z 00476f20 f i ahistogram.obj
 0001:00075f50       ??9?$CvTreeIterator@U?$_CvTreeNode@HH@@@@QAE_NABV0@@Z 00476f50 f i ahistogram.obj
 0001:00075f80       ??D?$CvNodeIterator@U?$_CvTreeNode@MH@@@@QBEAAMXZ 00476f80 f i ahistogram.obj
 0001:00075fb0       ?get_idx@?$CvNodeIterator@U?$_CvTreeNode@MH@@@@QBEHXZ 00476fb0 f i ahistogram.obj
 0001:00075fe0       ??D?$CvTreeIterator@U?$_CvTreeNode@MH@@@@QAEAAMXZ 00476fe0 f i ahistogram.obj
 0001:00076030       ?get_idx@?$CvTreeIterator@U?$_CvTreeNode@MH@@@@QAEHXZ 00477030 f i ahistogram.obj
 0001:00076080       ??4?$CvTreeIterator@U?$_CvTreeNode@MH@@@@QAEAAV0@ABV0@@Z 00477080 f i ahistogram.obj
 0001:000760b0       ??0?$CvTreeIterator@U?$_CvTreeNode@MH@@@@QAE@ABV0@@Z 004770b0 f i ahistogram.obj
 0001:000760e0       ??9?$CvTreeIterator@U?$_CvTreeNode@MH@@@@QAE_NABV0@@Z 004770e0 f i ahistogram.obj
 0001:00076110       ??D?$CvNodeIterator@U?$_CvTreeNode@FH@@@@QBEAAFXZ 00477110 f i ahistogram.obj
 0001:00076140       ?get_idx@?$CvNodeIterator@U?$_CvTreeNode@FH@@@@QBEHXZ 00477140 f i ahistogram.obj
 0001:00076170       ??D?$CvTreeIterator@U?$_CvTreeNode@FH@@@@QAEAAFXZ 00477170 f i ahistogram.obj
 0001:000761c0       ?get_idx@?$CvTreeIterator@U?$_CvTreeNode@FH@@@@QAEHXZ 004771c0 f i ahistogram.obj
 0001:00076210       ??4?$CvTreeIterator@U?$_CvTreeNode@FH@@@@QAEAAV0@ABV0@@Z 00477210 f i ahistogram.obj
 0001:00076240       ??0?$CvTreeIterator@U?$_CvTreeNode@FH@@@@QAE@ABV0@@Z 00477240 f i ahistogram.obj
 0001:00076270       ??9?$CvTreeIterator@U?$_CvTreeNode@FH@@@@QAE_NABV0@@Z 00477270 f i ahistogram.obj
 0001:000762a0       ?raw_begin@?$CvTree@HH@@QBE?AV?$CvNodeIterator@U?$_CvTreeNode@HH@@@@XZ 004772a0 f i ahistogram.obj
 0001:000762f0       ?raw_end@?$CvTree@HH@@QBE?AV?$CvNodeIterator@U?$_CvTreeNode@HH@@@@XZ 004772f0 f i ahistogram.obj
 0001:00076340       ?raw_begin@?$CvTree@MH@@QBE?AV?$CvNodeIterator@U?$_CvTreeNode@MH@@@@XZ 00477340 f i ahistogram.obj
 0001:00076390       ?raw_end@?$CvTree@MH@@QBE?AV?$CvNodeIterator@U?$_CvTreeNode@MH@@@@XZ 00477390 f i ahistogram.obj
 0001:000763e0       ?raw_begin@?$CvTree@FH@@QBE?AV?$CvNodeIterator@U?$_CvTreeNode@FH@@@@XZ 004773e0 f i ahistogram.obj
 0001:00076430       ?raw_end@?$CvTree@FH@@QBE?AV?$CvNodeIterator@U?$_CvTreeNode@FH@@@@XZ 00477430 f i ahistogram.obj
 0001:00076480       ?begin@?$_CvNodeManager@U?$_CvTreeNode@HH@@@@QBE?AV?$CvNodeIterator@U?$_CvTreeNode@HH@@@@XZ 00477480 f i ahistogram.obj
 0001:000764d0       ?end@?$_CvNodeManager@U?$_CvTreeNode@HH@@@@QBE?AV?$CvNodeIterator@U?$_CvTreeNode@HH@@@@XZ 004774d0 f i ahistogram.obj
 0001:00076530       ?begin@?$_CvNodeManager@U?$_CvTreeNode@MH@@@@QBE?AV?$CvNodeIterator@U?$_CvTreeNode@MH@@@@XZ 00477530 f i ahistogram.obj
 0001:00076580       ?end@?$_CvNodeManager@U?$_CvTreeNode@MH@@@@QBE?AV?$CvNodeIterator@U?$_CvTreeNode@MH@@@@XZ 00477580 f i ahistogram.obj
 0001:000765e0       ?begin@?$_CvNodeManager@U?$_CvTreeNode@FH@@@@QBE?AV?$CvNodeIterator@U?$_CvTreeNode@FH@@@@XZ 004775e0 f i ahistogram.obj
 0001:00076630       ?end@?$_CvNodeManager@U?$_CvTreeNode@FH@@@@QBE?AV?$CvNodeIterator@U?$_CvTreeNode@FH@@@@XZ 00477630 f i ahistogram.obj
 0001:00076690       ?begin@?$CvArray@H@@QBE?AV?$CvArrayIterator@H@@XZ 00477690 f i ahistogram.obj
 0001:00076700       ?end@?$CvArray@H@@QBE?AV?$CvArrayIterator@H@@XZ 00477700 f i ahistogram.obj
 0001:00076780       ?raw_begin@?$CvArray@H@@QBE?AV?$CvArrayIterator@H@@XZ 00477780 f i ahistogram.obj
 0001:000767f0       ?raw_end@?$CvArray@H@@QBE?AV?$CvArrayIterator@H@@XZ 004777f0 f i ahistogram.obj
 0001:00076870       ?operate_with@?$CvArray@H@@QBENABV1@Voperation@@@Z 00477870 f i ahistogram.obj
 0001:00076900       ?begin@?$CvArray@M@@QBE?AV?$CvArrayIterator@M@@XZ 00477900 f i ahistogram.obj
 0001:00076970       ?end@?$CvArray@M@@QBE?AV?$CvArrayIterator@M@@XZ 00477970 f i ahistogram.obj
 0001:000769f0       ?raw_begin@?$CvArray@M@@QBE?AV?$CvArrayIterator@M@@XZ 004779f0 f i ahistogram.obj
 0001:00076a60       ?raw_end@?$CvArray@M@@QBE?AV?$CvArrayIterator@M@@XZ 00477a60 f i ahistogram.obj
 0001:00076ae0       ?operate_with@?$CvArray@M@@QBENABV1@Voperation@@@Z 00477ae0 f i ahistogram.obj
 0001:00076b70       ?begin@?$CvArray@F@@QBE?AV?$CvArrayIterator@F@@XZ 00477b70 f i ahistogram.obj
 0001:00076be0       ?end@?$CvArray@F@@QBE?AV?$CvArrayIterator@F@@XZ 00477be0 f i ahistogram.obj
 0001:00076c60       ?raw_begin@?$CvArray@F@@QBE?AV?$CvArrayIterator@F@@XZ 00477c60 f i ahistogram.obj
 0001:00076cd0       ?raw_end@?$CvArray@F@@QBE?AV?$CvArrayIterator@F@@XZ 00477cd0 f i ahistogram.obj
 0001:00076d50       ?operate_with@?$CvArray@F@@QBENABV1@Voperation@@@Z 00477d50 f i ahistogram.obj
 0001:00076de0       ?begin@?$CvTree@HH@@QBE?AV?$CvTreeIterator@U?$_CvTreeNode@HH@@@@XZ 00477de0 f i ahistogram.obj
 0001:00076e60       ?end@?$CvTree@HH@@QBE?AV?$CvTreeIterator@U?$_CvTreeNode@HH@@@@XZ 00477e60 f i ahistogram.obj
 0001:00076ee0       ??E?$CvTreeIterator@U?$_CvTreeNode@HH@@@@QAE?AV0@H@Z 00477ee0 f i ahistogram.obj
 0001:00076f30       ?operate_with@?$CvTree@HH@@QBENABV1@Voperation@@@Z 00477f30 f i ahistogram.obj
 0001:00077120       ?begin@?$CvTree@MH@@QBE?AV?$CvTreeIterator@U?$_CvTreeNode@MH@@@@XZ 00478120 f i ahistogram.obj
 0001:000771a0       ?end@?$CvTree@MH@@QBE?AV?$CvTreeIterator@U?$_CvTreeNode@MH@@@@XZ 004781a0 f i ahistogram.obj
 0001:00077220       ??E?$CvTreeIterator@U?$_CvTreeNode@MH@@@@QAE?AV0@H@Z 00478220 f i ahistogram.obj
 0001:00077270       ?operate_with@?$CvTree@MH@@QBENABV1@Voperation@@@Z 00478270 f i ahistogram.obj
 0001:00077460       ?begin@?$CvTree@FH@@QBE?AV?$CvTreeIterator@U?$_CvTreeNode@FH@@@@XZ 00478460 f i ahistogram.obj
 0001:000774e0       ?end@?$CvTree@FH@@QBE?AV?$CvTreeIterator@U?$_CvTreeNode@FH@@@@XZ 004784e0 f i ahistogram.obj
 0001:00077560       ??E?$CvTreeIterator@U?$_CvTreeNode@FH@@@@QAE?AV0@H@Z 00478560 f i ahistogram.obj
 0001:000775b0       ?operate_with@?$CvTree@FH@@QBENABV1@Voperation@@@Z 004785b0 f i ahistogram.obj
 0001:000777b0       ??0?$CvArrayIterator@H@@QAE@XZ 004787b0 f i ahistogram.obj
 0001:000777e0       ??0?$CvArrayIterator@H@@QAE@PAH0@Z 004787e0 f i ahistogram.obj
 0001:00077810       ??0?$CvArrayIterator@M@@QAE@XZ 00478810 f i ahistogram.obj
 0001:00077840       ??0?$CvArrayIterator@M@@QAE@PAM0@Z 00478840 f i ahistogram.obj
 0001:00077870       ??0?$CvTreeIterator@U?$_CvTreeNode@HH@@@@QAE@PAU?$_CvTreeNode@HH@@@Z 00478870 f i ahistogram.obj
 0001:00077890       ??0?$CvTreeIterator@U?$_CvTreeNode@MH@@@@QAE@PAU?$_CvTreeNode@MH@@@Z 00478890 f i ahistogram.obj
 0001:000778b0       ??0?$CvTreeIterator@U?$_CvTreeNode@FH@@@@QAE@PAU?$_CvTreeNode@FH@@@Z 004788b0 f i ahistogram.obj
 0001:000778d0       ??Roperation@@QAENNHH@Z    004788d0 f i ahistogram.obj
 0001:00077910       ??Roperation@@QAENNMM@Z    00478910 f i ahistogram.obj
 0001:00077940       ??Roperation@@QAENNFF@Z    00478940 f i ahistogram.obj
 0001:00077990       ?next@?$CvTreeIterator@U?$_CvTreeNode@HH@@@@IAEPAU?$_CvTreeNode@HH@@XZ 00478990 f i ahistogram.obj
 0001:00077a40       ?next@?$CvTreeIterator@U?$_CvTreeNode@MH@@@@IAEPAU?$_CvTreeNode@MH@@XZ 00478a40 f i ahistogram.obj
 0001:00077af0       ?next@?$CvTreeIterator@U?$_CvTreeNode@FH@@@@IAEPAU?$_CvTreeNode@FH@@XZ 00478af0 f i ahistogram.obj
 0001:00077ba0       ?InitANodeIterator@@YAXXZ  00478ba0 f   anodeiterator.obj
 0001:00077cb0       ?foaCvNodeIterator@@YAHXZ  00478cb0 f i anodeiterator.obj
 0001:00077f00       ??8?$CvNodeIterator@U?$_CvTreeNode@FH@@@@QBE_NABV0@@Z 00478f00 f i anodeiterator.obj
 0001:00077f50       ??E?$CvNodeIterator@U?$_CvTreeNode@FH@@@@QAEAAV0@XZ 00478f50 f i anodeiterator.obj
 0001:00077fb0       ?InitAHistogramOperations@@YAXXZ 00478fb0 f   aoperations.obj
 0001:00078370       ??0?$CvArray@N@@QAE@XZ     00479370 f i aoperations.obj
 0001:000783b0       ??1?$CvArray@N@@QAE@XZ     004793b0 f i aoperations.obj
 0001:00078400       ?foaOperations@@YAHV?$CvArray@H@@0@Z 00479400 f i aoperations.obj
 0001:00078700       ?foaOperations@@YAHV?$CvArray@N@@0@Z 00479700 f i aoperations.obj
 0001:00078a70       ?foaOperations@@YAHV?$CvArray@F@@0@Z 00479a70 f i aoperations.obj
 0001:00078d70       ?foaOperations@@YAHV?$CvTree@HH@@0@Z 00479d70 f i aoperations.obj
 0001:00079070       ?foaOperations@@YAHV?$CvTree@MH@@0@Z 0047a070 f i aoperations.obj
 0001:000793b0       ?foaOperations@@YAHV?$CvTree@FH@@0@Z 0047a3b0 f i aoperations.obj
 0001:000796b0       ??A?$CVHistogram@V?$CvArray@N@@@@QAEAANH@Z 0047a6b0 f i aoperations.obj
 0001:000796e0       ??0?$CVHistogram@V?$CvArray@N@@@@QAE@HHHHHH@Z 0047a6e0 f i aoperations.obj
 0001:00079760       ??1?$CVHistogram@V?$CvArray@N@@@@QAE@XZ 0047a760 f i aoperations.obj
 0001:000797c0       ??A?$CvArray@N@@QAEAANH@Z  0047a7c0 f i aoperations.obj
 0001:00079820       ?destroy@?$CVHistogram@V?$CvArray@N@@@@QAEXXZ 0047a820 f i aoperations.obj
 0001:00079850       ?calc_histogram_intersection@@YANABV?$CVHistogram@V?$CvArray@H@@@@0@Z 0047a850 f i aoperations.obj
 0001:00079880       ?calc_histogram_chi_square@@YANABV?$CVHistogram@V?$CvArray@H@@@@0@Z 0047a880 f i aoperations.obj
 0001:000798b0       ?calc_histogram_correlation@@YANABV?$CVHistogram@V?$CvArray@H@@@@0@Z 0047a8b0 f i aoperations.obj
 0001:00079920       ??0Correl@@QAE@NN@Z        0047a920 f i aoperations.obj
 0001:00079960       ?destroy@?$CvArray@N@@QAEXXZ 0047a960 f i aoperations.obj
 0001:000799c0       ?create@?$CVHistogram@V?$CvArray@N@@@@QAEXHHHHHH@Z 0047a9c0 f i aoperations.obj
 0001:00079b70       ?calc_histogram_intersection@@YANABV?$CVHistogram@V?$CvArray@N@@@@0@Z 0047ab70 f i aoperations.obj
 0001:00079ba0       ?calc_histogram_chi_square@@YANABV?$CVHistogram@V?$CvArray@N@@@@0@Z 0047aba0 f i aoperations.obj
 0001:00079bd0       ?calc_histogram_correlation@@YANABV?$CVHistogram@V?$CvArray@N@@@@0@Z 0047abd0 f i aoperations.obj
 0001:00079c40       ?calc_histogram_intersection@@YANABV?$CVHistogram@V?$CvArray@F@@@@0@Z 0047ac40 f i aoperations.obj
 0001:00079c70       ?calc_histogram_chi_square@@YANABV?$CVHistogram@V?$CvArray@F@@@@0@Z 0047ac70 f i aoperations.obj
 0001:00079ca0       ?calc_histogram_correlation@@YANABV?$CVHistogram@V?$CvArray@F@@@@0@Z 0047aca0 f i aoperations.obj
 0001:00079d10       ?calc_histogram_intersection@@YANABV?$CVHistogram@V?$CvTree@HH@@@@0@Z 0047ad10 f i aoperations.obj
 0001:00079d40       ?calc_histogram_chi_square@@YANABV?$CVHistogram@V?$CvTree@HH@@@@0@Z 0047ad40 f i aoperations.obj
 0001:00079d70       ?calc_histogram_correlation@@YANABV?$CVHistogram@V?$CvTree@HH@@@@0@Z 0047ad70 f i aoperations.obj
 0001:00079de0       ?calc_histogram_intersection@@YANABV?$CVHistogram@V?$CvTree@MH@@@@0@Z 0047ade0 f i aoperations.obj
 0001:00079e10       ?calc_histogram_chi_square@@YANABV?$CVHistogram@V?$CvTree@MH@@@@0@Z 0047ae10 f i aoperations.obj
 0001:00079e40       ?calc_histogram_correlation@@YANABV?$CVHistogram@V?$CvTree@MH@@@@0@Z 0047ae40 f i aoperations.obj
 0001:00079eb0       ?calc_histogram_intersection@@YANABV?$CVHistogram@V?$CvTree@FH@@@@0@Z 0047aeb0 f i aoperations.obj
 0001:00079ee0       ?calc_histogram_chi_square@@YANABV?$CVHistogram@V?$CvTree@FH@@@@0@Z 0047aee0 f i aoperations.obj
 0001:00079f10       ?calc_histogram_correlation@@YANABV?$CVHistogram@V?$CvTree@FH@@@@0@Z 0047af10 f i aoperations.obj
 0001:00079f80       ?operate_with@?$CVHistogram@V?$CvArray@H@@@@QBENABV1@VIntersection@@@Z 0047af80 f i aoperations.obj
 0001:00079fc0       ?operate_with@?$CVHistogram@V?$CvArray@H@@@@QBENABV1@VChiSqr@@@Z 0047afc0 f i aoperations.obj
 0001:0007a000       ?operate_with@?$CVHistogram@V?$CvArray@H@@@@QBENABV1@VCorrel@@@Z 0047b000 f i aoperations.obj
 0001:0007a050       ?clear@?$CvArray@N@@QAEXXZ 0047b050 f i aoperations.obj
 0001:0007a0b0       ?set_size@?$CvArray@N@@QAEXH@Z 0047b0b0 f i aoperations.obj
 0001:0007a1f0       ?mean@?$CVHistogram@V?$CvArray@N@@@@QBENXZ 0047b1f0 f i aoperations.obj
 0001:0007a2a0       ?operate_with@?$CVHistogram@V?$CvArray@N@@@@QBENABV1@VIntersection@@@Z 0047b2a0 f i aoperations.obj
 0001:0007a2e0       ?operate_with@?$CVHistogram@V?$CvArray@N@@@@QBENABV1@VChiSqr@@@Z 0047b2e0 f i aoperations.obj
 0001:0007a320       ?operate_with@?$CVHistogram@V?$CvArray@N@@@@QBENABV1@VCorrel@@@Z 0047b320 f i aoperations.obj
 0001:0007a370       ?operate_with@?$CVHistogram@V?$CvArray@F@@@@QBENABV1@VIntersection@@@Z 0047b370 f i aoperations.obj
 0001:0007a3b0       ?operate_with@?$CVHistogram@V?$CvArray@F@@@@QBENABV1@VChiSqr@@@Z 0047b3b0 f i aoperations.obj
 0001:0007a3f0       ?operate_with@?$CVHistogram@V?$CvArray@F@@@@QBENABV1@VCorrel@@@Z 0047b3f0 f i aoperations.obj
 0001:0007a440       ?operate_with@?$CVHistogram@V?$CvTree@HH@@@@QBENABV1@VIntersection@@@Z 0047b440 f i aoperations.obj
 0001:0007a480       ?operate_with@?$CVHistogram@V?$CvTree@HH@@@@QBENABV1@VChiSqr@@@Z 0047b480 f i aoperations.obj
 0001:0007a4c0       ?operate_with@?$CVHistogram@V?$CvTree@HH@@@@QBENABV1@VCorrel@@@Z 0047b4c0 f i aoperations.obj
 0001:0007a510       ?operate_with@?$CVHistogram@V?$CvTree@MH@@@@QBENABV1@VIntersection@@@Z 0047b510 f i aoperations.obj
 0001:0007a550       ?operate_with@?$CVHistogram@V?$CvTree@MH@@@@QBENABV1@VChiSqr@@@Z 0047b550 f i aoperations.obj
 0001:0007a590       ?operate_with@?$CVHistogram@V?$CvTree@MH@@@@QBENABV1@VCorrel@@@Z 0047b590 f i aoperations.obj
 0001:0007a5e0       ?operate_with@?$CVHistogram@V?$CvTree@FH@@@@QBENABV1@VIntersection@@@Z 0047b5e0 f i aoperations.obj
 0001:0007a620       ?operate_with@?$CVHistogram@V?$CvTree@FH@@@@QBENABV1@VChiSqr@@@Z 0047b620 f i aoperations.obj
 0001:0007a660       ?operate_with@?$CVHistogram@V?$CvTree@FH@@@@QBENABV1@VCorrel@@@Z 0047b660 f i aoperations.obj
 0001:0007a6b0       ?begin@?$CVHistogram@V?$CvArray@N@@@@QBE?AV?$CvArrayIterator@N@@XZ 0047b6b0 f i aoperations.obj
 0001:0007a700       ?end@?$CVHistogram@V?$CvArray@N@@@@QBE?AV?$CvArrayIterator@N@@XZ 0047b700 f i aoperations.obj
 0001:0007a750       ??D?$CvArrayIterator@N@@QBEAANXZ 0047b750 f i aoperations.obj
 0001:0007a770       ??E?$CvArrayIterator@N@@QAE?BV0@H@Z 0047b770 f i aoperations.obj
 0001:0007a7d0       ??0?$CvArrayIterator@N@@QAE@ABV0@@Z 0047b7d0 f i aoperations.obj
 0001:0007a800       ??9?$CvArrayIterator@N@@QBE_NABV0@@Z 0047b800 f i aoperations.obj
 0001:0007a850       ?operate_with@?$CvArray@H@@QBENABV1@VIntersection@@@Z 0047b850 f i aoperations.obj
 0001:0007a8e0       ?operate_with@?$CvArray@H@@QBENABV1@VChiSqr@@@Z 0047b8e0 f i aoperations.obj
 0001:0007a970       ?operate_with@?$CvArray@H@@QBENABV1@VCorrel@@@Z 0047b970 f i aoperations.obj
 0001:0007aa10       ??0_Correl@@QAE@N@Z        0047ba10 f i aoperations.obj
 0001:0007aa60       ??B_Correl@@QAENXZ         0047ba60 f i aoperations.obj
 0001:0007aaa0       ?begin@?$CvArray@N@@QBE?AV?$CvArrayIterator@N@@XZ 0047baa0 f i aoperations.obj
 0001:0007ab10       ?end@?$CvArray@N@@QBE?AV?$CvArrayIterator@N@@XZ 0047bb10 f i aoperations.obj
 0001:0007ab90       ?operate_with@?$CvArray@N@@QBENABV1@VIntersection@@@Z 0047bb90 f i aoperations.obj
 0001:0007ac20       ?operate_with@?$CvArray@N@@QBENABV1@VChiSqr@@@Z 0047bc20 f i aoperations.obj
 0001:0007acb0       ?operate_with@?$CvArray@N@@QBENABV1@VCorrel@@@Z 0047bcb0 f i aoperations.obj
 0001:0007ad60       ?operate_with@?$CvArray@F@@QBENABV1@VIntersection@@@Z 0047bd60 f i aoperations.obj
 0001:0007adf0       ?operate_with@?$CvArray@F@@QBENABV1@VChiSqr@@@Z 0047bdf0 f i aoperations.obj
 0001:0007ae80       ?operate_with@?$CvArray@F@@QBENABV1@VCorrel@@@Z 0047be80 f i aoperations.obj
 0001:0007af30       ?operate_with@?$CvTree@HH@@QBENABV1@VIntersection@@@Z 0047bf30 f i aoperations.obj
 0001:0007b120       ?operate_with@?$CvTree@HH@@QBENABV1@VChiSqr@@@Z 0047c120 f i aoperations.obj
 0001:0007b310       ?operate_with@?$CvTree@HH@@QBENABV1@VCorrel@@@Z 0047c310 f i aoperations.obj
 0001:0007b570       ?operate_with@?$CvTree@MH@@QBENABV1@VIntersection@@@Z 0047c570 f i aoperations.obj
 0001:0007b760       ?operate_with@?$CvTree@MH@@QBENABV1@VChiSqr@@@Z 0047c760 f i aoperations.obj
 0001:0007b950       ?operate_with@?$CvTree@MH@@QBENABV1@VCorrel@@@Z 0047c950 f i aoperations.obj
 0001:0007bbb0       ?operate_with@?$CvTree@FH@@QBENABV1@VIntersection@@@Z 0047cbb0 f i aoperations.obj
 0001:0007bdb0       ?operate_with@?$CvTree@FH@@QBENABV1@VChiSqr@@@Z 0047cdb0 f i aoperations.obj
 0001:0007bfb0       ?operate_with@?$CvTree@FH@@QBENABV1@VCorrel@@@Z 0047cfb0 f i aoperations.obj
 0001:0007c210       ??0?$CvArrayIterator@N@@QAE@XZ 0047d210 f i aoperations.obj
 0001:0007c240       ??0?$CvArrayIterator@N@@QAE@PAN0@Z 0047d240 f i aoperations.obj
 0001:0007c270       ??RIntersection@@QAENNHH@Z 0047d270 f i aoperations.obj
 0001:0007c2b0       ??RChiSqr@@QAENNHH@Z       0047d2b0 f i aoperations.obj
 0001:0007c300       ??RCorrel@@QAE?AV_Correl@@V1@HH@Z 0047d300 f i aoperations.obj
 0001:0007c380       ??RIntersection@@QAENNNN@Z 0047d380 f i aoperations.obj
 0001:0007c3e0       ??RChiSqr@@QAENNNN@Z       0047d3e0 f i aoperations.obj
 0001:0007c410       ??RCorrel@@QAE?AV_Correl@@V1@NN@Z 0047d410 f i aoperations.obj
 0001:0007c490       ??RIntersection@@QAENNFF@Z 0047d490 f i aoperations.obj
 0001:0007c4e0       ??RChiSqr@@QAENNFF@Z       0047d4e0 f i aoperations.obj
 0001:0007c540       ??RCorrel@@QAE?AV_Correl@@V1@FF@Z 0047d540 f i aoperations.obj
 0001:0007c5d0       ??RIntersection@@QAENNMM@Z 0047d5d0 f i aoperations.obj
 0001:0007c610       ??RChiSqr@@QAENNMM@Z       0047d610 f i aoperations.obj
 0001:0007c640       ??RCorrel@@QAE?AV_Correl@@V1@MM@Z 0047d640 f i aoperations.obj
 0001:0007c6c0       ?InitAStorageArray@@YAXXZ  0047d6c0 f   astoragearray.obj
 0001:0007c7d0       ?foaCvArray@@YAHXZ         0047d7d0 f i astoragearray.obj
 0001:0007d390       ?get_size@?$CvArray@F@@QBEHXZ 0047e390 f i astoragearray.obj
 0001:0007d3b0       ?get_capacity@?$CvArray@F@@QAEHXZ 0047e3b0 f i astoragearray.obj
 0001:0007d3d0       ?get_array@?$CvArray@F@@QBEPAFXZ 0047e3d0 f i astoragearray.obj
 0001:0007d3f0       ?remove@?$CvArray@F@@QAEXH@Z 0047e3f0 f i astoragearray.obj
 0001:0007d430       ?set_capacity@?$CvArray@F@@QAEXH@Z 0047e430 f i astoragearray.obj
 0001:0007d4e0       ??0?$CvArray@F@@QAE@ABV0@@Z 0047e4e0 f i astoragearray.obj
 0001:0007d580       ??0?$CvArray@F@@QAE@HH@Z   0047e580 f i astoragearray.obj
 0001:0007d5f0       ??0?$CvArray@F@@QAE@H@Z    0047e5f0 f i astoragearray.obj
 0001:0007d670       ??4?$CvArray@F@@QAEAAV0@ABV0@@Z 0047e670 f i astoragearray.obj
 0001:0007d790       ?InitATree@@YAXXZ          0047e790 f   atree.obj
 0001:0007d8c0       ?foaCvTree@@YAHHH@Z        0047e8c0 f i atree.obj
 0001:0007df60       ?foaCvTree@@YAHMH@Z        0047ef60 f i atree.obj
 0001:0007e680       ?foaCvTree@@YAHFH@Z        0047f680 f i atree.obj
 0001:0007ed50       ?get_root@?$CvTree@HH@@QBEPAU?$_CvTreeNode@HH@@XZ 0047fd50 f i atree.obj
 0001:0007ed70       ?get_root@?$CvTree@MH@@QBEPAU?$_CvTreeNode@MH@@XZ 0047fd70 f i atree.obj
 0001:0007ed90       ?get_root@?$CvTree@FH@@QBEPAU?$_CvTreeNode@FH@@XZ 0047fd90 f i atree.obj
 0001:0007edb0       ?remove@?$CvTree@HH@@QAEXH@Z 0047fdb0 f i atree.obj
 0001:0007f500       ??4?$CvTree@HH@@QAEAAV0@ABV0@@Z 00480500 f i atree.obj
 0001:0007f5e0       ?check_direct@@YAHPAU?$_CvTreeNode@HH@@@Z 004805e0 f i atree.obj
 0001:0007f790       ?check_balance@@YAHPAU?$_CvTreeNode@HH@@@Z 00480790 f i atree.obj
 0001:0007f8d0       ?remove@?$CvTree@MH@@QAEXH@Z 004808d0 f i atree.obj
 0001:00080020       ??4?$CvTree@MH@@QAEAAV0@ABV0@@Z 00481020 f i atree.obj
 0001:00080100       ?check_direct@@YAHPAU?$_CvTreeNode@MH@@@Z 00481100 f i atree.obj
 0001:000802b0       ?check_balance@@YAHPAU?$_CvTreeNode@MH@@@Z 004812b0 f i atree.obj
 0001:000803f0       ?remove@?$CvTree@FH@@QAEXH@Z 004813f0 f i atree.obj
 0001:00080b40       ??4?$CvTree@FH@@QAEAAV0@ABV0@@Z 00481b40 f i atree.obj
 0001:00080c30       ?check_direct@@YAHPAU?$_CvTreeNode@FH@@@Z 00481c30 f i atree.obj
 0001:00080de0       ?check_balance@@YAHPAU?$_CvTreeNode@FH@@@Z 00481de0 f i atree.obj
 0001:00080f20       ?release_node@?$_CvNodeManager@U?$_CvTreeNode@HH@@@@QAEXPAU?$_CvTreeNode@HH@@@Z 00481f20 f i atree.obj
 0001:00080f90       ?release_node@?$_CvNodeManager@U?$_CvTreeNode@MH@@@@QAEXPAU?$_CvTreeNode@MH@@@Z 00481f90 f i atree.obj
 0001:00081000       ?release_node@?$_CvNodeManager@U?$_CvTreeNode@FH@@@@QAEXPAU?$_CvTreeNode@FH@@@Z 00482000 f i atree.obj
 0001:00081070       ?InitATreeIterator@@YAXXZ  00482070 f   atreeiterator.obj
 0001:00081180       ?foaCvTreeIterator@@YAHXZ  00482180 f i atreeiterator.obj
 0001:000813f0       ??0?$CvTreeIterator@U?$_CvTreeNode@FH@@@@QAE@XZ 004823f0 f i atreeiterator.obj
 0001:00081410       ??8?$CvTreeIterator@U?$_CvTreeNode@FH@@@@QAE_NABV0@@Z 00482410 f i atreeiterator.obj
 0001:00081440       ??E?$CvTreeIterator@U?$_CvTreeNode@FH@@@@QAE?AV0@XZ 00482440 f i atreeiterator.obj
 0001:00081480       _main                      00482480 f   tsysA.obj
 0001:00081660       _cvSeqPush                 00482660 f   cvd:CVd.dll
 0001:00081666       _cvCreateSeq               00482666 f   cvd:CVd.dll
 0001:0008166c       _cvChangeSeqBlock          0048266c f   cvd:CVd.dll
 0001:00081672       _cvStartReadSeq            00482672 f   cvd:CVd.dll
 0001:00081678       _cvRestoreMemStoragePos    00482678 f   cvd:CVd.dll
 0001:0008167e       _cvApproxPoly              0048267e f   cvd:CVd.dll
 0001:00081684       _cvSaveMemStoragePos       00482684 f   cvd:CVd.dll
 0001:0008168a       _cvCreateMemStorage        0048268a f   cvd:CVd.dll
 0001:00081690       _cvReleaseMemStorage       00482690 f   cvd:CVd.dll
 0001:00081696       _cvContourArea             00482696 f   cvd:CVd.dll
 0001:0008169c       _cvContourMoments          0048269c f   cvd:CVd.dll
 0001:000816a2       _cvMakeSeqHeaderForArray   004826a2 f   cvd:CVd.dll
 0001:000816a8       _cvReleaseImage            004826a8 f   cvd:CVd.dll
 0001:000816ae       _cvLine                    004826ae f   cvd:CVd.dll
 0001:000816b4       _cvFillPoly                004826b4 f   cvd:CVd.dll
 0001:000816ba       _cvCreateImage             004826ba f   cvd:CVd.dll
 0001:000816c0       _cvClearMemStorage         004826c0 f   cvd:CVd.dll
 0001:000816c6       _cvApproxChains            004826c6 f   cvd:CVd.dll
 0001:000816cc       _cvReadChainPoint          004826cc f   cvd:CVd.dll
 0001:000816d2       _cvStartReadChainPoints    004826d2 f   cvd:CVd.dll
 0001:000816d8       _cvDrawContours            004826d8 f   cvd:CVd.dll
 0001:000816de       _cvFindContours            004826de f   cvd:CVd.dll
 0001:000816e4       _cvThreshold               004826e4 f   cvd:CVd.dll
 0001:000816ea       _cvSetSeqReaderPos         004826ea f   cvd:CVd.dll
 0001:000816f0       _cvCvtSeqToArray           004826f0 f   cvd:CVd.dll
 0001:000816f6       _cvContourPerimeter        004826f6 f   cvd:CVd.dll
 0001:000816fc       _cvMatchContours           004826fc f   cvd:CVd.dll
 0001:00081702       _cvContourFromContourTree  00482702 f   cvd:CVd.dll
 0001:00081708       _cvCreateContourTree       00482708 f   cvd:CVd.dll
 0001:0008170e       _cvMatchContourTrees       0048270e f   cvd:CVd.dll
 0001:00081714       _cvbRand                   00482714 f   cvd:CVd.dll
 0001:0008171a       _cvRandInit                0048271a f   cvd:CVd.dll
 0001:00081720       _cvPyrDown                 00482720 f   cvd:CVd.dll
 0001:00081726       _cvPyrUp                   00482726 f   cvd:CVd.dll
 0001:0008172c       _cvGetSeqElem              0048272c f   cvd:CVd.dll
 0001:00081732       _cvPyrSegmentation         00482732 f   cvd:CVd.dll
 0001:00081738       _cvEndProfile              00482738 f   cvd:CVd.dll
 0001:0008173e       _cvStartProfile            0048273e f   cvd:CVd.dll
 0001:00081744       _cvDistTransform           00482744 f   cvd:CVd.dll
 0001:0008174a       _cvGetRawData              0048274a f   cvd:CVd.dll
 0001:00081750       _cvAdaptiveThreshold       00482750 f   cvd:CVd.dll
 0001:00081756       _cvCamShift                00482756 f   cvd:CVd.dll
 0001:0008175c       _cvMeanShift               0048275c f   cvd:CVd.dll
 0001:00081762       _cvReleaseHist             00482762 f   cvd:CVd.dll
 0001:00081768       _cvGetMinMaxHistValue      00482768 f   cvd:CVd.dll
 0001:0008176e       _cvCalcContrastHist        0048276e f   cvd:CVd.dll
 0001:00081774       _cvSetHistBinRanges        00482774 f   cvd:CVd.dll
 0001:0008177a       _cvCreateHist              0048277a f   cvd:CVd.dll
 0001:00081780       _cvCalcEMD                 00482780 f   cvd:CVd.dll
 0001:00081786       _cvGetHistValue_3D         00482786 f   cvd:CVd.dll
 0001:0008178c       _cvGetHistValue_2D         0048278c f   cvd:CVd.dll
 0001:00081792       _cvGetHistValue_1D         00482792 f   cvd:CVd.dll
[...]
FIXUPS: 4a285 26 18 26 1f 10 b3 27 1f 148 36 1a 35 12 d2 36 1a 35 12 d2
FIXUPS: 4a861 1a 35 911 545 44 54 44 f9 21 1b a5 34 33 b 4d c c c c c c
FIXUPS: 4bacf c c c 15 15 13 ffffde73 16 724 c f 2f 29e9 f f 15 15 13 ffffdf9c
FIXUPS: 4ab11 68 1c 1c 2a 26 19 26 18 26 18 26 1c 1c 1b 1c 1c 1b 1c 2b
FIXUPS: 4add1 305 32 3a 3a 2135 32 ffffe894 a 189 1c 1c 1c 15 26 1c 26
FIXUPS: 4bdf3 26 1b 26 1f 1c 1b 1c 1c 12a 2b 29 9f9 3a 2c c c c c f 217
FIXUPS: 4cd2e 13 1d 4c 16 1d 50 12 19 16 f 2e 13 f 38 26 72 61 3e 31 b5
FIXUPS: 4d155 c 1c 19 15 18 78 31 17 20 10ac 1c 17 1a f 36 3c 20 35 f f
FIXUPS: 4e49f f f c f f c f c f f f f f c c 1c 19 26 ffffe620 a 13c0 e
FIXUPS: 4dffc 30 2d 3c 20 16 9 12 16 9 f 23 1a 1c 10 37 16 14 17 23 11
FIXUPS: 4e243 1a 26 17 1d 17 17 3e 12 fffff65b 12 38 42 12 36 5b 3b 14
FIXUPS: 4db26 17 1d 12 f 36 e3 21 12 72 98 41 14 18 17 14 15 e 34 34 98
FIXUPS: 4df97 11 fffff5ce 14 14 14 14 1e 21 32 25 14 f 18 17 15 18 17 15
FIXUPS: 4d71c 19 a5 28 13 12 2f 13 12 41 1d f 30 12 35 1420 f c c c c 2a
FIXUPS: 4d302 2c a 8c d 19 16 16 19 19 17 11 11 11 14 14 14 14 11 11 11
FIXUPS: 4d526 14 14 14 148e 1f 1f 1f 10 12 18 15 17 13 15 df 12 18 15 17
FIXUPS: 4ec24 15 2d 1d 1d 1d 1d 12 15 15 11 13 12 f c c 84b fffff049 a
FIXUPS: 4e66e 1c 1c 1c 2f 19 19 26 18 29 18 26 19 29 18 29 1b 29 19 26
FIXUPS: 4e8e6 26 18 26 1c 10 10 10 3b 8fd 16 12 1e 23 18 1c 12 f 1e 23
FIXUPS: 4f3e5 37 23 29 15 1b 20 15 18 c c c 11 f c c f f c f c fffff89b
FIXUPS: 4ee84 1c 1c 1c 43 3c 14 1a 26 1b 29 1c 26 18 29 18 29 1c 29 1b
FIXUPS: 4f139 18 26 19 26 22 16 16 13 67 25 883 12 1e 28 18 38 12 1e 27
FIXUPS: 4fc3d 58 23 29 15 1b 25 15 34 c c c 1b f c c f f c f c 24 ffffefc9
FIXUPS: 4f66e 1c 1c 1c 43 3c 14 1a 26 1b 29 1c 26 18 29 18 29 1c 29 1b
FIXUPS: 4f923 18 26 19 26 22 16 16 13 bf 25 2b 1752 1a 29 3e 1e b 1a 63
FIXUPS: 51395 f f f f f f f f c f c f 30 21 16 6a 27 2e 56 52 23 ffffdfc3
FIXUPS: 4f601 1351 7c 18 58 2b 89 18 51 2e 81 18 5e 2b 84 51 2b 7c 58 2b
FIXUPS: 50f25 51 1d 39 51 1a 8f 1f 2e 76 1c 28 7d fffff273 f f f f f f
FIXUPS: 50523 f c f 1a 17 21 21 21 21 f f f c 42 18 57 2e 7c 18 58 2b 84
FIXUPS: 508cd 57 37f3 14 e ffffbd57 34 34 34 34 34 34 a 6f 1c 44 3c 2c
FIXUPS: 50147 40 43 43 43 43 43 43 43 43 40 43 43 2e c f 3775 e 25 3f 3f
FIXUPS: 53d02 c f 20 20 1d 1a 16 23 28 16 23 28 c f 46 2b c0 20 28 15 1f
FIXUPS: 54036 12 58 2b 38 fffff5e4 f f f 1c f 1c 36 3c 40 40 3f 2b c f
FIXUPS: 538e1 f c 15 15 1f 1f 1f 1c 1a 1d7 32 c f f f c fffff2ef 3f 42
FIXUPS: 52fb5 43 40 43 3e 2e f c f f f f f 21 21 eb 15 24 24 2f4 1c 1c
FIXUPS: 5361f 26 3c 2d f c f fffff338 c f f f f c f 21 1e 15 22 84 36 22
FIXUPS: 52c49 42 12 22 8b 36 22 8e 2d c f f f f c f 11 fffff67b f f f f
FIXUPS: 52599 11 26 40 2b c 20 1d 13 3b 23 3d 13 3a 23 28 c 11 11 25 3f
FIXUPS: 5289e 42 3f 42 42 3f fffff7dc 28 f c f 1c 36 39 36 39 39 39 39
FIXUPS: 523e3 f c f f f f f 15 18 12 15 17 1a 18 22 1a f c fffff793 34
FIXUPS: 51d38 34 34 34 a 60 1c 1c 45 2a 5c 20 3b 3e 3a 2e f c f 19 1c 16
FIXUPS: 520d0 13 1a 23 35 19 13 1a 22b3 12 12 10 16 16 c c 14 17 1a f c
FIXUPS: 54532 c c c c 162 1c 17 1d 39 3a 1c 1c 17 ffffd21c 69 43 1c6 38
FIXUPS: 549a7 1a 1c 10 4e 16 3d 12 5 c c c 15 15 e fffff67f 34 a ba 8 67
FIXUPS: 5430b 4c 17 17 17 17 17 17 24 1d 12 1024 2d 5a 11 11 14f 16 15d
FIXUPS: 557f3 65 37 128 c c c c c c c 11 ffffedf2 a 5b 1c 1c 1c 1c 1c 43
FIXUPS: 5495c 19 1a 7a2 18 26 18 26 19 26 18 26 18 26 19 26 23 1d 1d 1d
FIXUPS: 5533e 12 15 15 9 9 9 9 11 11 11 f f f 2d fffff88b 18 1a 1c 1a 1b
FIXUPS: 54d53 1a 1a 1a 10 1d 1d 12 5 15 1e 1d a1 32 5 22 1d a0 32 5 22
FIXUPS: 55092 16 24 26 19 10fd f f f 2d 2d 2d 5a 11 11 e5 4c c c c c c
FIXUPS: 564b1 c 11 ffffe669 a 54 1c 1c 1c 1c 2f 1a 19 1d 18 1251 16 24
FIXUPS: 55f41 19 1a 18 1a 18 26 19 26 18 26 18 26 19 26 23 1d 1d 1d 1d
FIXUPS: 56187 15 15 9 9 9 9 11 11 fffff92e 2f 1a 19 1d 18 1a 18 1a 19 1a
FIXUPS: 55c53 1a 1a 1a 1a 10 1d 1d 12 5 15 1e 1d 12 5 22 1e a1 32 5 22
FIXUPS: 56b15 1e 1b 11 14 11 11 11 11 12 14 11 11 c c 9 c 9 c b b b b e
FIXUPS: 56c89 10 ffffedbe a 54 1c 1c 1c c52 17 17 12 5 15 17 17 12 5 1c
FIXUPS: 5682d 12 5 22 a3 1e 1e 1f 1e 21 29 20 23 20 1d 29 20 20 15 18 1b
FIXUPS: 5726a 37 5c 3a 237 3f c c c c 14 ffffef16 a 50 1c 1c 1c 2f 1a 19
FIXUPS: 56634 18 1a 18 1a 19 1a 18 1a 1a 1a 1a 2361 c f 28 1f 17 26 56
FIXUPS: 58bdf 3a 1c 1c 17 ffffe178 24 3c 1a 45 16 16 19 6e 18 18 18 18
FIXUPS: 57008 1c 159 29 50 27 1379 2f 2d 16 f 3b 20 1a 1a 2b 13 18 3b 1c
FIXUPS: 58769 16 22 25 5d 65 23 39 1d 16 39 4b 3c 1c 2a 17 5a f fffff306
FIXUPS: 57dea 59 46 51 35 50 3e 4b d1 24 18 12 15 15 12 14 dc 38 2f 2b
FIXUPS: 58331 35 35 35 9a 24 21 27 2d 2f 32 11cd 1c 95 38 78 21 25 15 11
FIXUPS: 5990f ffffddc5 45 46 45 45 46 45 45 46 45 45 46 45 45 46 45 45
FIXUPS: 57b6f 45 42 2c 1c 1486 1c 9d 17 1d 8f 15 1b 15 1b 2e 2d 4d 15 1c
FIXUPS: 5938b 12 12 12 12 12 88 32 57 41 53 37 24 94 7b 1c 15 14ef f c
FIXUPS: 5ac3e 28 1f 17 26 42 3e 3a 1c 1c 17 ffffdf19 7 f f 2e a 2d ad 41
FIXUPS: 58eb2 15 1c 88 41 56 24 2a 57 163e 32 2f 2d 16 f 3b 20 1a 1a 1c
FIXUPS: 5a85b 3b 1c 16 16 22 25 5d 38 26 23 39 1d 16 39 4e 3c 2e 31 1a
FIXUPS: 5ac05 fffff28a 45 42 2c 1c 15b 47 59 8c d1 24 18 12 15 15 12 14
FIXUPS: 5a3b1 23 23 24 2b 6c 35 35 35 9a 24 21 27 2d 2f 1144 3e 14 f c
FIXUPS: 5b870 c f c f f c 1f 11 12 ffffe0f1 45 46 45 45 46 45 45 46 45
FIXUPS: 59ca9 46 45 45 46 45 45 121e 2f 1c 2a 10 171 c c 1b 1e 21 20 23
FIXUPS: 5b34c 24 3a 24 35 19 21 28 27 4a 49 3e 8e 55 f 21 2f 8b 35 466
FIXUPS: 5bc18 13 2d a2 6d 2f 1e c c f c 2b b1 2d ffffef17 a 4b 36 36 36
FIXUPS: 5af37 36 2e c c f c f 17 39 2e 1297 f 1c 25 1a 16 3c a8 79 32 1e
FIXUPS: 5c52e f 2b fffff3cf a 59 1c 1c 1b 3e 3b 3a 2e f f c 1c 28 3e 22
FIXUPS: 5bbab fa7 68 20 19 19 9 1a 15 12 fffff2ce a 59 1c 1b 3e 31 f 15
FIXUPS: 5c080 4a 47 4b 47 4a 46 43 2e f f c c c 192c 19 ffffe973 a 4b 34
FIXUPS: 5c67c 1d 28 11 f 18 1d 1b 1d 28 11 21 22 2d 22 22 25 1c 22 2b 25
FIXUPS: 5c956 89 56 80 7f a5e 57 b2 17c 1c 100 42 31 1e 1f 1e 1f 1e 1f
FIXUPS: 5da7b 1c 1e 24 1e 24 1e 19 1e c f f f f c f f 18 fffff180 25 39
FIXUPS: 5ce27 13 16 21 25 30 2f 21 3e 21 4a 18 32 29 29 22 6c 25 22 25
FIXUPS: 5d1f5 111 8a 2c 22 22 22 22 bb d75 8c 34 111 1d 26 18 67 12 69
FIXUPS: 5e5b6 107 19 22 f c 2a 22 22 15 f c 33 f 14 e 3c ffffe43d a 95
FIXUPS: 5cd43 16 f98 9 25 3a 18 9 25 11 11 a d 34 a e9 25 17 8a c 37 26
FIXUPS: 5e050 26 1b 29 1a 44 1d 21 23 82 2d 34 254b 54 89 30 36 cb 19 38
FIXUPS: 60b00 30 36 54 89 30 36 98 474 c c c f f c c f 15 15 12 ffffca16
FIXUPS: 5dc84 1d 38 1d05 5a 17 a8 1a 14 f3 26f 19 3b 89 2d 36 c2 89 2d
FIXUPS: 60175 ce 19 3b 89 2d 36 c2 89 2d 36 cb 19 38 f4 30 ffffe628 18d
FIXUPS: 5ef45 24a 1c 1a6 f8 f9 27 2f a 9f 1c 1c 2e d 1a 2d 5a 14 24 57
FIXUPS: 5f7f8 24 57 14 24 57 14 2d 5a 14 1d2b f 8c c c 28 1c 17 25 29 1c
FIXUPS: 61870 1c 14 25 63 2b 17 1f 87 3f 10 f 3a 21 c e ffffcf02 1f 1de
FIXUPS: 5ebfe 178 31f8 12 22 15 9f 19 d fffff220 a 32 53 8 12 26 28 17
FIXUPS: 613e8 27 27 35 2c 32 2c 19 25 57 1f 2e 17 2e 12 2e 6de 16 14 8
FIXUPS: 61d76 10 10 a 10 1b 8 11 10 16 10 11 10 14 20 15 14 15 16 7 1a
FIXUPS: 61ef4 16 10 7 16 d 16 9c4f 46 12 38 46 12 2d 13 ffff5e4f 34 34
FIXUPS: 61b92 3b 7 7 e d 2b 13 3c 8 10 10 10 14 8 11 10 11 1b 8 11 7878b
FIXUPS: da4c0 c fff9132f 1b 3e 7 26 11 1b 38 12 14 6ebca b c fff9147f 1b
FIXUPS: 6b9c4 7 26 11 1b 38 12 14 6ea7a b c fff9160d 46 12 ffffedfb a8
FIXUPS: 6ac59 204 27 55 49 67 13 a8 245 204 27 2f 17 32 37 17 32 37 17
FIXUPS: 6b62c 5f 1b 3e 7 26 11 1b 38 12 14 ffffe345 16 4a 16 4a 16 4a 16
FIXUPS: 69c60 17 59 16 4a c b 59 c b 59 c b 452 47 69 13 a8 245 204 27
FIXUPS: 6a8a9 4b 65 ffffeb07 29 a 26 a 32 a 42 a 3f c a 29 a 32 a 42 a
FIXUPS: 6969a c a 29 a 26 a 32 a 42 a 3f c a fffff8bb 3f c a 29 a 32 a
FIXUPS: 691b1 a 3f c a 29 a 26 a 32 a 42 a 3f c a 29 a 32 a 42 a 3f c fffff8bb
FIXUPS: 68d1b 3f c a 29 a 26 a 32 a 42 a 3f c a 29 a 32 a 42 a 3f c a 29
FIXUPS: 68ff3 26 a 32 a 42 fffff8c0 c 17 7 10 7 7 f 81 a 32 a 42 a 3f c
FIXUPS: 68b20 29 a 26 a 32 a 42 a 3f c a 29 a 32 a fffff8cf 33 29 e 6f
FIXUPS: 68691 21 2c 31 33 29 e b 6e f c 17 7 10 7 7 f 4a f c 17 7 10 7
FIXUPS: 688f9 f 4a fffff6b7 d 71 1a 21 2c 31 33 29 e b 75 1a 21 2c 31 33
FIXUPS: 682fd 11 79 1a 21 2c 31 33 29 e b 72 1a 21 2c fffff421 31 33 29
FIXUPS: 67a29 b f9 8e 16 55 1a 21 2c 31 33 29 e 6f 1a 21 2c 31 33 29 e
FIXUPS: 67ea4 71 1a 21 2c 31 33 fffff302 53 1a 21 2c 31 33 29 d 71 1a 21
FIXUPS: 6750e 31 33 29 e b fb 8d 16 57 1a 21 2c 31 33 29 11 79 1a 21 ffffeedf
FIXUPS: 6686b 9b 5 59 aa 32 2a 2a 27 27 21 a 51 65 2c 85 36 54 2c 75 2c
FIXUPS: 66e63 5c 39 a 56 a 56 a 27d 8d ffffecfe 2a 27 27 21 a 52 66 2a
FIXUPS: 661c8 33 54 2c 76 2a 8c 59 ae 32 2a 2a 27 27 21 a 52 66 2a 88 36
FIXUPS: 6679f 2c ffffeeec 36 52 2c 76 2a 9b 5 59 4c 16 a8 32 2a 2a 27 27
FIXUPS: 65b03 a 51 65 2c 85 36 54 2c 75 2c 98 5c af 32 ffffef0e 32 2a 2a
FIXUPS: 64f5b 27 21 a 52 66 2a 79 33 54 2c 76 2a 8c 59 50 16 a8 32 2a 2a
FIXUPS: 654fb 27 21 a 52 66 2a 74e28 b fff8a6b8 27 1e 75918 b fff8a71c
FIXUPS: 64bb0 14 758d3 b fff8a743 13 1d 13 1d 13 1d 13 1d 13 1d 13 30 a
FIXUPS: 64d58 a 36 a 4e 16 fffffa2a 14 75b53 b fff8a4d8 27 1e 75af8 b fff8a53c
FIXUPS: 64910 14 75ab3 b fff8a578 27 1e 75a58 b fff8a5dc 12 14 75a13 b
FIXUPS: 64a3a 27 1e 759b8 b fff8a67c 12 14 fffff9f8 18 18 2b 24 f 20 75d8a
FIXUPS: da320 b fff8a28a a 23 a 5b 35 3e 27 1e 75c38 b fff8a3fc 12 14 75bf3
FIXUPS: da362 fff8a438 27 1e 75b98 b fff8a49c fffff57f 27 33 73 81 2d 18
FIXUPS: 63f48 18 2b 24 f 20 76316 c b fff89cfa a 23 a 5b 35 c7 21 21 22
FIXUPS: 64349 27 33 73 81 2d fffff078 d cc 22 22 22 162 27 33 73 81 2d
FIXUPS: 63970 18 18 2b 24 f 20 768b6 c b fff8975a a 23 a 5b 35 c9 22 22
FIXUPS: 63c3b fffff345 18 18 2b 24 f 20 77266 c b fff88dc1 d 8a 21 21 22
FIXUPS: 632b9 27 33 73 81 2d 18 18 18 2b 24 f 20 76dba c b fff8847a 22
FIXUPS: 62789 22 162 27 33 73 81 2d 18 18 18 2b 24 f 20 77726 c b fff88901
FIXUPS: 62b99 8c 22 22 22 162 27 33 73 81 2d aeb5 6c797 c b fff87cc5 34
FIXUPS: 622f8 34 34 34 a 54 8 21 8 21 8 21 8 21 8 1e 8 32 c f 114 20 20
FIXUPS: 62685 20 20 b0a9 5b 42 28 40 29 18 18 2b 24 f 1f 6cc4b c b fff93427
FIXUPS: 6d9f3 21 152 27 b0 25 5b 32 28 30 29 18 18 2b 24 f fffff140 1f
FIXUPS: da554 c b fff92a79 22 22 162 27 b0 23 5b 31 28 2f 29 18 18 2b 24
FIXUPS: 6d41e 1f 6d137 c b fff92f39 22 22 162 27 b0 fffff140 2d 5b 42 28
FIXUPS: 6c9b3 29 18 18 2b 24 f 1f 6daab c b fff925c7 21 21 152 27 b0 25
FIXUPS: 6cdfd 32 28 30 29 18 18 2b 24 fffff0d2 1c 8 32 c f b2 22 22 162
FIXUPS: 6c2f1 b0 23 5b 31 28 2f 29 18 18 2b 24 f 1f 6df97 c b fff920d9
FIXUPS: 6c626 22 162 27 bf03 12 7 12 7 14 f 15 15 a c c 14 12 164 74 ffff348d
FIXUPS: 6be34 34 34 34 34 a 52 8 1f 8 1f 8 1f 8 1c c4a0 25 9 d 3c 9 25
FIXUPS: 78547 d 2b 8 c d 34 9 c 9 c 9 c 9 1c a 12 7 19 10 a 14 7 14 d fffffbdf
FIXUPS: 782b2 c 9 c 9 1d a 12 7 17 10 a 14 7 13 d a 12 7 11 7 13 f 15 15
FIXUPS: 78419 c b 13 12 3b fffffbab d a 12 7 11 7 13 f 15 15 a c b 13 12
FIXUPS: 78150 9 25 9 d 3c 9 25 9 d 2b 8 c d 34 9 fffffb30 43 9 25 9 d 3c
FIXUPS: 77e99 25 9 d 2b 8 c d 34 9 c 9 c 9 c 9 1d a 12 7 17 10 a 14 7 fffffa06
FIXUPS: 77a3b 9 d 4e 9 d 9 d 7e 12 4a 9 d 9 d 4e 9 d 9 d 4a 9 d 9 d 4e
FIXUPS: 77d18 d 9 d 80 fffff913 d 9 d 4e 9 d 9 d 4a 9 d 9 d 4e 9 d 9 d
FIXUPS: 778d9 12 4a 9 d 9 d 4e 9 d 9 d 4a fffff5fc 40 13 12d 10 40 13 c5
FIXUPS: 772e3 36 1a 36 1a 36 1a 36 1a 36 1a 36 1a 3b 1a 41 1a 3b 1a 41
FIXUPS: 77623 3b 1a 4d fffff25e 2f 9 d 3a 9 d 41 1a 36 1a 2f 9 d 3a 9 d
FIXUPS: 76b39 1a 36 1a 73 19 d fa 19 d 125 10 40 13 12d fffff591 d 3a 9
FIXUPS: 765ff 3a 9 d 3a 9 d 3a 9 d 3a 9 d 3a 9 d 3a 9 d 33 9 d 3a 9 d 41
FIXUPS: 768d3 36 fffff963 c 9 16 21 7 30 35 17 3d 8 11 a 9 18 7 18 35 a
FIXUPS: 76459 9 d 3a 9 d 3a 9 d 3a 9 d 3a fffffa04 8 13 17 9 19 7 14 37
FIXUPS: 7605a 13 13 17 19 7 14 38 17 13 13 1d 19 7 17 30 17 13 12 15 7
FIXUPS: 76234 2f fffffaa4 c 9 8 21 7 3b c 8 11 b 9 15 7 15 41 9 c 9 8 21
FIXUPS: 75e80 42 17 13 11 b 15 7 15 3a 17 fffffa77 7 17 34 17 13 10 17
FIXUPS: 75aab 17 3f 9 c 9 16 1a 7 2f 2f 17 3d 8 11 a 9 16 7 18 37 a 48
FIXUPS: 75cfb fffffa26 7 36 17 13 13 17 7 14 36 17 13 8 14 16 9 17 7 14
FIXUPS: 758d3 17 13 14 16 17 7 14 3a 17 13 14 19 fffffaa1 3d 8 11 a 9 16
FIXUPS: 75511 18 37 a 47 9 c c 9 8 1a 7 32 c 8 13 9 17 7 14 49 9 c 9 8
FIXUPS: 751a3 17 13 f 16 17 7 14 2f 17 13 f 19 17 7 17 3a 17 13 e 14 7
FIXUPS: 7537f 42 9 c 9 16 1a 7 2f 2f fffffab7 a a 9 14 7 15 4a 9 c 9 8
FIXUPS: 75002 7 36 17 13 a a 14 7 15 36 17 13 8 f 16 9 17 7 14 fffffb1e
FIXUPS: 74c9c c 9 16 21 7 30 35 9 c 9 32 8 11 a 9 18 7 18 39 a 48 9 c c
FIXUPS: 74ebc 8 1a 7 32 c fffffafa 7 14 3b 9 c 9 8 13 17 19 7 14 3c 9 c
FIXUPS: 74b51 8 13 1d 19 7 17 34 9 c 9 8 12 15 7 18 fffffb8c b 9 15 7 15
FIXUPS: 74872 9 c 9 8 21 7 42 9 c 9 8 11 b 15 7 15 2e 9 c 9 8 8 13 17 9
FIXUPS: 74553 9 c 9 16 1a 7 30 2c 9 c 9 32 8 11 a 9 16 7 18 2b a 48 9 c
FIXUPS: 74753 9 8 21 7 3b 14 fffffb20 7 14 2d 9 c 9 8 14 16 17 7 14 2e
FIXUPS: 743fc c 9 8 14 19 17 7 17 38 9 c 9 8 10 17 7 17 fffffb98 14 13
FIXUPS: 740e6 17 7 14 49 9 c 9 8 1a 7 36 9 c 9 8 13 17 7 14 3a 9 c 9 8
FIXUPS: 742b1 14 16 9 fffffb1f 18 38 9 c 9 16 1a 7 30 2c 9 c 9 32 8 11
FIXUPS: 73f77 9 16 7 18 2b a 47 9 c c 9 8 1a 7 fffffb62 9 17 7 14 32 9
FIXUPS: 73c68 9 8 f 16 17 7 14 33 9 c 9 8 f 19 17 7 17 2e 9 c 9 8 e 14
FIXUPS: 739c7 14 a a 9 14 7 15 4a 9 c 9 8 1a 7 36 9 c 9 8 a a 14 7 15 3a
FIXUPS: 73b9c c 9 8 8 f fffffb69 3c 24 c c f 1f 66f75 9 9 c b fff99088
FIXUPS: 7380f 26 a 26 a 26 a 26 a 26 a 43 9 c c 9 8 1a 7 fffff5e7 1c 11
FIXUPS: 7303e 27 27 25 1c b 91 25 25 1c 2b 12 a 95 27 27 26 25 95 27 28
FIXUPS: 7344e a6 16 8d 2e 9d 1d 8d 67008 9 9 c b fff9830b 1b 58 46 2e f
FIXUPS: 72b49 95 25 28 28 2a 2b 19 2b b b 98 22 28 25 28 25 1e 95 27 27
FIXUPS: 72231 b 91 26 26 1d 2b 12 d 95 2f 2f 2d 28 95 2f 2f 2d bc 1e 91
FIXUPS: 7278f ad 1e 91 3b 3c 24 c c f 1e fffff201 4b 3c f b 95 26 29 29
FIXUPS: 71da5 2b 19 2b b b 98 23 29 26 29 26 22 95 2f 2f 2d 1c 14 95 2f
FIXUPS: 721e8 2d fffff304 a 95 25 25 23 25 95 25 25 23 a6 15 8d 2b 9d 1b
FIXUPS: 71a04 2a 3c 24 c c f 1f 68c00 9 9 c b fff9744a 1b fffff3d7 29 2b
FIXUPS: 70fb8 19 2b b b 98 23 29 26 29 26 1f 95 25 25 23 1c 11 95 25 25
FIXUPS: 713bb 1c b 91 26 26 1d 2b fffff3d2 27 28 26 a6 16 8d 2e 9d 1d 8d
FIXUPS: 70c39 3c 24 c c f 1f 699b5 9 9 c b fff9669b 1b 58 45 2b f b 95
FIXUPS: 70f10 fffff2f2 98 22 28 25 28 25 1e 95 27 27 25 1c 11 95 27 27
FIXUPS: 705b1 1c b 91 25 25 1c 2b 12 a 95 27 27 26 25 fffff44b ad 1e 91
FIXUPS: 6fe26 3c 24 c c f 1e 6a789 9 9 c b fff958cb 1b 58 46 2e f b 95
FIXUPS: 70103 28 28 2a 2b 19 2b b fffff2ae 95 2f 2f 2d 1c 14 95 2f 2f 2d
FIXUPS: 6f731 b 91 26 26 1d 2b 12 d 95 2f 2f 2d 28 95 2f 2f 2d bc 1e 91
FIXUPS: 6ef9a c f 1f 6b640 9 9 c b fff94a0a 1b 6a 4b 3c f b 95 26 29 29
FIXUPS: 6f2a5 2b 19 2b b b 98 23 29 26 29 26 fffff3cb 25 25 23 1c b 91
FIXUPS: 6e999 26 1d 2b 12 a 95 25 25 23 25 95 25 25 23 a6 15 8d 2b 9d 1b
FIXUPS: 6ef04 2a 3c 24 6b673 b fff93c4c 1b 58 45 2b f b 95 26 29 29 2b
FIXUPS: 6e4b8 19 2b b b 98 23 29 26 29 26 1f 95 25 25 23 1c 11 a736 ffff4f71
FIXUPS: 6de94 34 34 34 34 a 68 1d f 1b 1d f 1b 1d f 1b 1d f 21 26 12 1e
FIXUPS: 6e174 12 2c 6c422 9 9 9 9 fffa2c0e ffffb9ca 34 34 a 3b 7 7 e d
FIXUPS: 78cb9 29 2d 14 8 23 14 8 23 b 7 23 14 7 23 b 23 1b 27 f 27 2b 4124
FIXUPS: 7cffe f 9 c 9 c e a 12 7 24 19 a 14 7 1f 16 a 12 7 12 7 22 18 15
FIXUPS: 7d19f a c c 22 14 fffffbfb c 9 c 9 1c a 12 7 19 10 a 14 7 14 d
FIXUPS: 7ced4 12 7 12 7 14 f 15 15 a c c 14 12 45 9 fffffc15 9 c 9 1c a
FIXUPS: 7cc54 7 19 10 a 14 7 14 d a 12 7 12 7 14 f 15 15 a c c 14 12 39
FIXUPS: 7cddd c fffffbe2 c f a 12 7 22 19 a 14 7 1e 16 a 12 7 11 7 21 18
FIXUPS: 7cb26 15 a c b 21 14 f 34 9 c 9 fffffbf7 a 12 7 17 10 a 14 7 13
FIXUPS: 7c878 a 12 7 11 7 13 f 15 15 a c b 13 12 3b 9 c 9 f 9 c fffffc41
FIXUPS: 7c615 7 17 10 a 14 7 13 d a 12 7 11 7 13 f 15 15 a c b 13 12 2f
FIXUPS: 7c78d c 9 c 9 c 9 fffffbfd 22 19 a 14 7 1e 16 a 12 7 11 7 21 18
FIXUPS: 7c4e6 15 a c b 21 14 f 34 9 c 9 c 9 c 9 1d fffffbfa a 14 7 13 d
FIXUPS: 7c242 12 7 11 7 13 f 15 15 a c b 13 12 3b 9 c 9 f 9 c 9 c f a 12
FIXUPS: 7c00d 14 7 13 d a 12 7 11 7 13 f 15 15 a c b 13 12 2f 9 c 9 c 9
FIXUPS: 7c183 9 1d a 12 7 17 fffff98b d 88 12 7e 12 2f 5a 16 c 7b 12 7e
FIXUPS: 7be6d 37 52 16 c 3c 9 c 9 c 9 c 9 1d a 12 7 17 10 fffff607 36 a
FIXUPS: 7b698 a 37 9 d 3a 9 d 57 19 d fd 12 7e 12 39 50 16 c 7b 12 42 9
FIXUPS: 7baeb 9 d 4e 9 d fffff6b7 c 9 16 1a 7 30 28 a 36 a 4e a 2e a 36
FIXUPS: 7b3da 4e a 2e a 36 a 4e a 2e a 36 a 4e a 2e fffff799 e 27 a 1f
FIXUPS: 7ae01 26 a 2a e e 27 a 1f a 26 a 2a e e 27 a 28 a 36 a 4e a e6
FIXUPS: 7b1c5 17 37 fffff7a3 a8 32 2a 2a 27 27 21 a 2a a 26 a 2a e e 27
FIXUPS: 7ac38 1f a 26 a 2a e e 27 a 1f a 26 a 2a fffff91c 6026d 9 9 c b
FIXUPS: 7a6c9 a 37 27 1e 60208 b fff9fe2c 12 14 601c3 b fff9fe7e 16 1f
FIXUPS: 7a848 1f a 26 a 2a e e 27 a 88 fffff99e 24 c c f 1e 6052d 9 9 c
FIXUPS: da8fd fff9fb09 1e 54 12 1c 15 2e 13 14 34 49 12 1c 15 14 2e 2b
FIXUPS: 7a661 c c f fffff8d1 19 14 14 2e 2b 24 c c f 1f 60837 9 9 c b fff9f808
FIXUPS: 7a0e3 64 17 20 1d 2e 13 14 34 59 17 20 1d 14 2e fffff896 13 14
FIXUPS: 79c04 49 12 1c 15 14 2e 2b 24 c c f 1f 60aed 9 9 c b fff9f549 1e
FIXUPS: 79e38 11 19 14 2e 13 14 34 49 fffff82b 68 20 20 26 2e 13 14 34
FIXUPS: 79927 20 20 26 14 2e 2b 24 c c f 1e 60db1 9 9 c b fff9f289 1e 54
FIXUPS: 79b4a 1c 15 60c46 b fff9ec10 d 6d 1e 54 11 19 14 2e 13 14 34 49
FIXUPS: 795e9 19 14 14 2e 2b 24 c c f 1f 610e7 9 9 c b fff9ef58 5023 ffffa868
FIXUPS: 79014 34 34 34 34 a 68 1d f 1b 1d f 1b 1d f 1b 1d f 21 26 12 1e
FIXUPS: 792f4 12 2c 61462 9 9 9 9 fffa3a90 8 1d b 1d 1d 11 f 1f 29 21 c
FIXUPS: 7e353 f 1f 5c613 9 9 9 b fffa3aa6 5b 16 50 53 4a 1b 57 2d 7c 11
FIXUPS: 7e75e fffff852 1a 2b 13 a 8 1d b 1d 1d 11 f 1f f 16 11 1f 13 a
FIXUPS: 7e135 1d b 1d 1d 11 f 1f f 16 11 1f 13 fffffab3 12 1a 13 1d b a
FIXUPS: 7dd85 b 1d b a 23 f 8 a 1c b a 1c b 1d 35 f 1d 1b 1f 21 1b 1f 11
FIXUPS: 7dfa5 fffffb19 c a 10 15 c c f 13 a 10 15 c c f 13 3f 15 c c f
FIXUPS: 7dc33 9 f 9 8 1d b 1d b 1d b fffffbc2 15 12 c 11 12 f 10 11 12
FIXUPS: 7d93d 10 10 12 f 14 c 11 12 c f 10 11 12 c f 10 10 12 c f 10 432c
FIXUPS: 81dce 3e 12 56 2c 29 19 2e 53 19 57 19 56 19 ffffb695 34 34 a 3b
FIXUPS: 7d7a4 7 e d 47 f 10 15 10 10 15 10 3bc6 8c 4c 61 57 8b 3e 228 206
FIXUPS: 81b30 35 8 18 9 c 9 c 11 a 9 14 a a 9 14 6a 31 2e 3e 31 2e 21 fffff26f
FIXUPS: 81045 8 18 9 c 9 c 11 a 9 12 a a 9 12 5e 31 2e 3e 31 2e 21 14 1b
FIXUPS: 812dc 12 56 2c 29 19 2e fffff1aa 9 12 a a 9 12 5e 31 2e 3e 31 2e
FIXUPS: 8074f 14 1b 3e 12 56 2c 29 19 2e 6c 8c 4c 61 57 8b 3c 228 206 ffffecd1
FIXUPS: 7fc90 d b 1d b a 1a 18 f 1f 5acca 9 b fffa53f4 8c 4c 61 57 8b 3c
FIXUPS: 8028b 206 5d 37 8 18 9 c 9 c 11 fffff4df 14 16 17 2d 11 9 8 17
FIXUPS: 7fb18 13 16 9 8 1a 12 16 12 10 c 9 c 9 c 9 c 15 b 1d d a 1a fffffb4f
FIXUPS: 7f7d8 35 1a 16 27 38 8 f 8 6 10 6 13 15 14 16 3a 8 6 10 6 13 15
FIXUPS: 7f9c3 16 3a 8 6 10 6 13 fffffaee 15 a 21 d a 1a 13 e d a 21 b a
FIXUPS: 7f631 18 f 1f 5b36d 9 b fffa4cbb 3d 8 f f 6 10 6 13 15 34 fffffb5a
FIXUPS: 7f322 8 6 10 6 13 15 14 1c 17 3f 16 9 8 1e 12 13 16 9 8 1e 12 16
FIXUPS: 7f4dd 10 c 9 c 9 c 9 fffffad7 6 10 6 13 15 3d 31 1b 35 1b 16 30
FIXUPS: 7f19f 8 f 8 6 10 6 13 15 14 1c 3a 8 6 10 6 13 15 14 fffffb0a c
FIXUPS: 7edeb c 9 c 9 c 15 a 1c d a 1a 13 e d a 1c b a 1a 18 f 1f 5ba6e
FIXUPS: da9cd b fffa45be 3d 8 18 fffffba5 6 10 6 13 15 14 13 3a 8 6 10
FIXUPS: 7ec61 13 15 14 13 17 2d 10 9 8 14 12 13 16 9 8 17 12 16 12 fffffaca
FIXUPS: 7e8a1 d 45 3d 8 f d 6 10 6 13 15 34 2e 16 35 14 16 27 36 8 f 8
FIXUPS: 7eaf1 10 6 13 15 14 13 3a 367d 8 20 11 7 20 b 20 2a 7 25 13 7 23
FIXUPS: 8233a 21 f 21 22 1b 19 58643 b fffa7a23 c d ffffc355 34 34 a 3f
FIXUPS: 7e882 3d5c 5 5 5 5 5 5 5 5 5 5 5 5 5 5 5 d 1a a fffffa46 34 34
FIXUPS: 82112 3b 7 7 e d 41 34 d c 33a 5 5 5 5 5 5 5 5 5 5 5 5 5 5 5 5
FIXUPS: 82593 5 5 5 5 5 5 5 5 5 5 5 5 5 5 fffffeb7 10 8 5 5 5 5 5 5 5 5
FIXUPS: 824d5 5 5 5 5 5 5 5 5 5 5 5 5 5 5 5 5 5 5 5 5
